[studyinjogja.com/kuliner/bubur-ayam-yang-enak-di-jogja.html]
[studyinjogja.com/kuliner/cilok-terenak-di-jogja.html]
[studyinjogja.com/kuliner/es-coklat-di-jogja.html]
[studyinjogja.com/kuliner/es-doger-di-jogja.html]
[studyinjogja.com/kuliner/es-jaipong-di-jogja.html]
[studyinjogja.com/studi/contoh-proposal-penelitian-bidang-ilmu-perikanan.html]
[studyinjogja.com/studi/contoh-proposal-penelitian-bidang-ilmu-sosiologi.html]
[studyinjogja.com/studi/contoh-proposal-penelitian-bidang-kajian-gender.html]
[studyinjogja.com/studi/contoh-proposal-penelitian-bidang-kajian-media.html]
[studyinjogja.com/studi/contoh-proposal-penelitian-bidang-kesehatan.html]
[studyinjogja.com/studi/contoh-proposal-penelitian-bidang-komunikasi.html]
[backblue.gif]
[fade.gif]
[index.html]
[studyinjogja.com/images/favicon.png]
[studyinjogja.com/css/plugins.css]
[studyinjogja.com/css/style.css]
[studyinjogja.com/js/jquery.js]
[studyinjogja.com/js/plugins.js]
[studyinjogja.com/js/functions.js]
[studyinjogja.com/plugins/rateit/jquery.rateit.min.js]
[studyinjogja.com/plugins/rateit/rateit.css]
[studyinjogja.com/kuliner/bubur-ayam-yang-enak-di-jogja.html]
[studyinjogja.com/kuliner/cilok-terenak-di-jogja.html]
[studyinjogja.com/kuliner/es-coklat-di-jogja.html]
[studyinjogja.com/kuliner/es-doger-di-jogja.html]
[studyinjogja.com/kuliner/es-jaipong-di-jogja.html]
[studyinjogja.com/studi/contoh-proposal-penelitian-bidang-ilmu-kehutanan.html]
[studyinjogja.com/studi/contoh-proposal-penelitian-bidang-ilmu-meteorologi.html]
[studyinjogja.com/studi/contoh-proposal-penelitian-bidang-ilmu-geografi.html]
[studyinjogja.com/studi/contoh-proposal-penelitian-bidang-ilmu-demografi.html]
[studyinjogja.com/studi/prospek-karir-akuntansi.html]
[studyinjogja.com/studi/peluang-kerja-akuntansi-forensik.html]
[studyinjogja.com/studi/karir-manajemen-akuntansi.html]
[studyinjogja.com/studi/prospek-karir-administrasi-publik.html]
[studyinjogja.com/studi/peluang-kerja-kebijakan-publik.html]
[studyinjogja.com/studi/karir-administrasi-publik.html]
[studyinjogja.com/studi/prospek-karir-antropologi.html]
[studyinjogja.com/studi/contoh-proposal-penelitian-bidang-ilmu-perikanan.html]
[studyinjogja.com/studi/peluang-kerja-penelitian-sosial.html]
[studyinjogja.com/studi/contoh-proposal-penelitian-bidang-ilmu-filologi.html]
[studyinjogja.com/studi/contoh-proposal-penelitian-bidang-ilmu-pendidikan-olahraga.html]
[studyinjogja.com/studi/contoh-proposal-penelitian-bidang-ilmu-musik.html]
[studyinjogja.com/studi/contoh-proposal-penelitian-bidang-ilmu-teologi.html]
[studyinjogja.com/studi/contoh-proposal-penelitian-bidang-ilmu-arkeologi.html]
[studyinjogja.com/studi/contoh-proposal-penelitian-bidang-ilmu-sosiologi.html]
[studyinjogja.com/studi/contoh-proposal-penelitian-bidang-ilmu-sejarah-seni.html]
[studyinjogja.com/studi/contoh-proposal-penelitian-bidang-kajian-budaya.html]
[studyinjogja.com/studi/contoh-proposal-penelitian-bidang-hewan-dan-tumbuhan.html]
[studyinjogja.com/studi/contoh-proposal-penelitian-bidang-bahasa-dan-sastra.html]
[studyinjogja.com/studi/contoh-proposal-penelitian-bidang-teknik-sipil.html]
[studyinjogja.com/studi/contoh-proposal-penelitian-bidang-kesejahteraan-sosial.html]
[studyinjogja.com/studi/contoh-proposal-penelitian-bidang-kebijakan-publik.html]
[studyinjogja.com/studi/contoh-proposal-penelitian-bidang-sejarah.html]
[studyinjogja.com/studi/contoh-proposal-penelitian-bidang-kajian-agama.html]
[studyinjogja.com/studi/contoh-proposal-penelitian-bidang-teknik-elektro.html]
[studyinjogja.com/studi/contoh-proposal-penelitian-bidang-ilmu-gizi.html]
[studyinjogja.com/studi/contoh-proposal-penelitian-bidang-kajian-gender.html]
[studyinjogja.com/studi/contoh-proposal-penelitian-bidang-desain-grafis.html]
[studyinjogja.com/studi/contoh-proposal-penelitian-bidang-ilmu-politik.html]
[studyinjogja.com/studi/contoh-proposal-penelitian-bidang-sosial.html]
[studyinjogja.com/studi/contoh-proposal-penelitian-bidang-sastra.html]
[studyinjogja.com/studi/contoh-proposal-penelitian-bidang-antropologi.html]
[studyinjogja.com/studi/contoh-proposal-penelitian-bidang-fisika.html]
[studyinjogja.com/studi/contoh-proposal-penelitian-bidang-kajian-media.html]
[studyinjogja.com/studi/contoh-proposal-penelitian-bidang-biologi.html]
[studyinjogja.com/studi/contoh-proposal-penelitian-bidang-teknologi-informasi.html]
[studyinjogja.com/studi/contoh-proposal-penelitian-bidang-ekonomi.html]
[studyinjogja.com/studi/contoh-proposal-penelitian-bidang-psikologi.html]
[studyinjogja.com/studi/contoh-proposal-penelitian-bidang-lingkungan.html]
[studyinjogja.com/studi/contoh-proposal-penelitian-bidang-keamanan-siber.html]
[studyinjogja.com/studi/contoh-proposal-penelitian-bidang-hukum.html]
[studyinjogja.com/studi/contoh-proposal-penelitian-bidang-manajemen.html]
[studyinjogja.com/studi/contoh-proposal-penelitian-bidang-agama.html]
[studyinjogja.com/studi/contoh-proposal-penelitian-bidang-politik.html]
[studyinjogja.com/studi/contoh-proposal-penelitian-bidang-budaya.html]
[studyinjogja.com/studi/contoh-proposal-penelitian-bidang-kesehatan.html]
[studyinjogja.com/studi/contoh-proposal-penelitian-bidang-seni.html]
[studyinjogja.com/studi/contoh-proposal-penelitian-jurusan-komunikasi.html]
[studyinjogja.com/studi/contoh-proposal-penelitian-bidang-ilmu-pengetahuan-alam.html]
[studyinjogja.com/studi/contoh-proposal-penelitian-bidang-pertanian.html]
[studyinjogja.com/studi/contoh-proposal-penelitian-bidang-keuangan.html]
[studyinjogja.com/studi/contoh-proposal-penelitian-bidang-sains-sosial.html]
[studyinjogja.com/studi/contoh-proposal-penelitian-bidang-teknik-mesin.html]
[studyinjogja.com/studi/contoh-proposal-penelitian-bidang-kedokteran.html]
[studyinjogja.com/studi/contoh-proposal-penelitian-bidang-komunikasi.html]
[studyinjogja.com/css/plugins.css]
[studyinjogja.com/studi/contoh-proposal-penelitian-bidang-arsitektur.html]
[studyinjogja.com/images/overlay-pattern/gplay.png]
[studyinjogja.com/images/overlay-pattern/3px-tile.png]
[studyinjogja.com/images/overlay-pattern/asfalt-dark.png]
[studyinjogja.com/images/overlay-pattern/axiom-pattern.png]
[studyinjogja.com/images/expand.png]
[studyinjogja.com/images/triangle-divider-down.png]
[studyinjogja.com/images/triangle-divider-top.png]
[studyinjogja.com/images/dropdown-arrow.png]
[studyinjogja.com/css/style.css]
[studyinjogja.com/plugins/rateit/star.gif]
[studyinjogja.com/plugins/rateit/delete.gif]
[studyinjogja.com/plugins/rateit/rateit.css]
[studyinjogja.com/studi/contoh-proposal-penelitian-bidang-ilmu-kehutanan.html]
[studyinjogja.com/studi/karir-antropologi-forensik.html]
[studyinjogja.com/studi/contoh-proposal-penelitian-bidang-ilmu-meteorologi.html]
[studyinjogja.com/studi/prospek-karir-arkeologi.html]
[studyinjogja.com/studi/contoh-proposal-penelitian-bidang-ilmu-geografi.html]
[studyinjogja.com/studi/peluang-kerja-konservasi-arkeologi.html]
[studyinjogja.com/studi/contoh-proposal-penelitian-bidang-ilmu-demografi.html]
[studyinjogja.com/studi/karir-arkeologi-maritim.html]
[studyinjogja.com/studi/prospek-karir-akuntansi.html]
[studyinjogja.com/studi/prospek-karir-astronomi.html]
[studyinjogja.com/studi/peluang-kerja-akuntansi-forensik.html]
[studyinjogja.com/studi/peluang-kerja-astronomi-observasional.html]
[studyinjogja.com/studi/karir-manajemen-akuntansi.html]
[studyinjogja.com/studi/karir-astronomi-teoretis.html]
[studyinjogja.com/studi/prospek-karir-administrasi-publik.html]
[studyinjogja.com/studi/prospek-karir-biokimia.html]
[studyinjogja.com/studi/peluang-kerja-kebijakan-publik.html]
[studyinjogja.com/studi/peluang-kerja-biologi-molekuler.html]
[studyinjogja.com/studi/karir-administrasi-publik.html]
[studyinjogja.com/studi/karir-bioteknologi.html]
[studyinjogja.com/studi/prospek-karir-antropologi.html]
[studyinjogja.com/studi/prospek-karir-biologi-laut.html]
[studyinjogja.com/studi/peluang-kerja-penelitian-sosial.html]
[studyinjogja.com/studi/contoh-proposal-penelitian-bidang-ilmu-filologi.html]
[studyinjogja.com/studi/contoh-proposal-penelitian-bidang-ilmu-pendidikan-olahraga.html]
[studyinjogja.com/studi/contoh-proposal-penelitian-bidang-ilmu-musik.html]
[studyinjogja.com/studi/contoh-proposal-penelitian-bidang-ilmu-teologi.html]
[studyinjogja.com/studi/contoh-proposal-penelitian-bidang-ilmu-arkeologi.html]
[studyinjogja.com/studi/contoh-proposal-penelitian-bidang-ilmu-sejarah-seni.html]
[studyinjogja.com/studi/contoh-proposal-penelitian-bidang-kajian-budaya.html]
[studyinjogja.com/studi/contoh-proposal-penelitian-bidang-hewan-dan-tumbuhan.html]
[studyinjogja.com/studi/contoh-proposal-penelitian-bidang-bahasa-dan-sastra.html]
[studyinjogja.com/studi/contoh-proposal-penelitian-bidang-teknik-sipil.html]
[studyinjogja.com/studi/contoh-proposal-penelitian-bidang-kesejahteraan-sosial.html]
[studyinjogja.com/studi/peluang-kerja-konservasi-kelautan.html]
[studyinjogja.com/studi/contoh-proposal-penelitian-bidang-kebijakan-publik.html]
[studyinjogja.com/studi/contoh-proposal-penelitian-bidang-kimia.html]
[studyinjogja.com/studi/contoh-proposal-penelitian-bidang-sejarah.html]
[studyinjogja.com/studi/contoh-proposal-penelitian-bidang-matematika.html]
[studyinjogja.com/studi/contoh-proposal-penelitian-bidang-kajian-agama.html]
[studyinjogja.com/studi/contoh-proposal-penelitian-bidang-seni-dan-budaya.html]
[studyinjogja.com/studi/contoh-proposal-penelitian-bidang-teknik-elektro.html]
[studyinjogja.com/studi/contoh-proposal-penelitian-bidang-keperawatan.html]
[studyinjogja.com/studi/contoh-proposal-penelitian-bidang-ilmu-gizi.html]
[studyinjogja.com/studi/contoh-proposal-penelitian-bidang-agribisnis.html]
[studyinjogja.com/studi/contoh-proposal-penelitian-bidang-desain-grafis.html]
[studyinjogja.com/studi/contoh-proposal-penelitian-bidang-farmasi.html]
[studyinjogja.com/studi/contoh-proposal-penelitian-bidang-ilmu-politik.html]
[studyinjogja.com/studi/contoh-proposal-penelitian-bidang-ilmu-hukum.html]
[studyinjogja.com/studi/contoh-proposal-penelitian-bidang-sosial.html]
[studyinjogja.com/studi/contoh-proposal-penelitian-bidang-ilmu-komunikasi.html]
[studyinjogja.com/studi/contoh-proposal-penelitian-bidang-sastra.html]
[studyinjogja.com/studi/contoh-proposal-penelitian-bidang-pemasaran.html]
[studyinjogja.com/studi/contoh-proposal-penelitian-bidang-antropologi.html]
[studyinjogja.com/studi/contoh-proposal-penelitian-bidang-ilmu-lingkungan.html]
[studyinjogja.com/studi/contoh-proposal-penelitian-bidang-fisika.html]
[studyinjogja.com/studi/contoh-proposal-penelitian-bidang-ilmu-perpustakaan.html]
[studyinjogja.com/studi/contoh-proposal-penelitian-bidang-biologi.html]
[studyinjogja.com/studi/contoh-proposal-penelitian-bidang-teknologi-informasi.html]
[studyinjogja.com/studi/contoh-proposal-penelitian-bidang-ekonomi.html]
[studyinjogja.com/studi/contoh-proposal-penelitian-bidang-psikologi.html]
[studyinjogja.com/studi/contoh-proposal-penelitian-bidang-lingkungan.html]
[studyinjogja.com/studi/contoh-proposal-penelitian-bidang-keamanan-siber.html]
[studyinjogja.com/studi/contoh-proposal-penelitian-bidang-hukum.html]
[studyinjogja.com/studi/contoh-proposal-penelitian-bidang-manajemen.html]
[studyinjogja.com/studi/contoh-proposal-penelitian-bidang-agama.html]
[studyinjogja.com/studi/contoh-proposal-penelitian-bidang-politik.html]
[studyinjogja.com/studi/contoh-proposal-penelitian-bidang-ilmu-keolahragaan.html]
[studyinjogja.com/studi/contoh-proposal-penelitian-bidang-budaya.html]
[studyinjogja.com/studi/contoh-proposal-penelitian-bidang-seni.html]
[studyinjogja.com/studi/contoh-proposal-penelitian-jurusan-desain.html]
[studyinjogja.com/studi/contoh-proposal-penelitian-jurusan-ilmu-politik.html]
[studyinjogja.com/studi/contoh-proposal-penelitian-jurusan-manajemen.html]
[studyinjogja.com/studi/contoh-proposal-penelitian-jurusan-biologi.html]
[studyinjogja.com/studi/contoh-proposal-penelitian-jurusan-kimia.html]
[studyinjogja.com/studi/contoh-proposal-penelitian-jurusan-fisika.html]
[studyinjogja.com/studi/contoh-proposal-penelitian-jurusan-matematika.html]
[studyinjogja.com/studi/contoh-proposal-penelitian-jurusan-teknik-mesin.html]
[studyinjogja.com/studi/contoh-proposal-penelitian-jurusan-bahasa.html]
[studyinjogja.com/studi/contoh-proposal-penelitian-jurusan-sosial-dan-politik.html]
[studyinjogja.com/studi/contoh-proposal-penelitian-jurusan-teknik-elektro.html]
[studyinjogja.com/studi/contoh-proposal-penelitian-jurusan-komunikasi.html]
[studyinjogja.com/studi/contoh-proposal-penelitian-bidang-ilmu-pengetahuan-alam.html]
[studyinjogja.com/studi/contoh-proposal-penelitian-jurusan-keperawatan.html]
[studyinjogja.com/studi/contoh-proposal-penelitian-bidang-pertanian.html]
[studyinjogja.com/studi/contoh-proposal-penelitian-bidang-keuangan.html]
[studyinjogja.com/studi/contoh-proposal-penelitian-bidang-sains-sosial.html]
[studyinjogja.com/studi/contoh-proposal-penelitian-bidang-teknik-mesin.html]
[studyinjogja.com/studi/contoh-proposal-penelitian-bidang-kedokteran.html]
[studyinjogja.com/studi/contoh-proposal-penelitian-bidang-arsitektur.html]
[studyinjogja.com/studi/contoh-proposal-penelitian-jurusan-pertanian.html]
[studyinjogja.com/studi/karir-antropologi-forensik.html]
[studyinjogja.com/studi/karir-biologi-kelautan.html]
[studyinjogja.com/studi/prospek-karir-arkeologi.html]
[studyinjogja.com/studi/prospek-karir-biologi.html]
[studyinjogja.com/studi/peluang-kerja-konservasi-arkeologi.html]
[studyinjogja.com/studi/peluang-kerja-riset-biologi.html]
[studyinjogja.com/studi/karir-arkeologi-maritim.html]
[studyinjogja.com/studi/karir-biologi-forensik.html]
[studyinjogja.com/studi/prospek-karir-astronomi.html]
[studyinjogja.com/studi/prospek-karir-teknik-kimia.html]
[studyinjogja.com/studi/peluang-kerja-astronomi-observasional.html]
[studyinjogja.com/studi/peluang-kerja-teknik-bioproses.html]
[studyinjogja.com/studi/karir-astronomi-teoretis.html]
[studyinjogja.com/studi/karir-teknik-bahan.html]
[studyinjogja.com/studi/prospek-karir-biokimia.html]
[studyinjogja.com/studi/prospek-karir-teknik-sipil.html]
[studyinjogja.com/studi/peluang-kerja-biologi-molekuler.html]
[studyinjogja.com/studi/peluang-kerja-manajemen-konstruksi.html]
[studyinjogja.com/studi/karir-bioteknologi.html]
[studyinjogja.com/studi/karir-teknik-arsitektur.html]
[studyinjogja.com/studi/prospek-karir-biologi-laut.html]
[studyinjogja.com/studi/prospek-karir-ilmu-komputer.html]
[studyinjogja.com/studi/peluang-kerja-konservasi-kelautan.html]
[studyinjogja.com/studi/peluang-kerja-keamanan-siber.html]
[studyinjogja.com/studi/contoh-proposal-penelitian-bidang-kimia.html]
[studyinjogja.com/studi/contoh-proposal-penelitian-bidang-ilmu-bahasa.html]
[studyinjogja.com/studi/program-kerja-kkn-jurusan-matematika.html]
[studyinjogja.com/studi/contoh-proposal-penelitian-bidang-matematika.html]
[studyinjogja.com/studi/contoh-proposal-penelitian-bidang-teknik-kimia.html]
[studyinjogja.com/studi/contoh-proposal-penelitian-bidang-seni-dan-budaya.html]
[studyinjogja.com/studi/contoh-proposal-penelitian-bidang-ilmu-pemerintahan.html]
[studyinjogja.com/studi/contoh-proposal-penelitian-bidang-keperawatan.html]
[studyinjogja.com/studi/contoh-proposal-penelitian-bidang-agribisnis.html]
[studyinjogja.com/studi/contoh-proposal-penelitian-bidang-farmasi.html]
[studyinjogja.com/studi/contoh-proposal-penelitian-bidang-ilmu-hukum.html]
[studyinjogja.com/studi/contoh-proposal-penelitian-bidang-ilmu-komunikasi.html]
[studyinjogja.com/studi/contoh-proposal-penelitian-bidang-pemasaran.html]
[studyinjogja.com/studi/contoh-proposal-penelitian-bidang-ilmu-lingkungan.html]
[studyinjogja.com/studi/contoh-proposal-penelitian-bidang-ilmu-perpustakaan.html]
[studyinjogja.com/studi/contoh-proposal-penelitian-bidang-ilmu-keolahragaan.html]
[studyinjogja.com/studi/contoh-proposal-penelitian-bidang-ilmu-kriminologi.html]
[studyinjogja.com/studi/contoh-proposal-penelitian-jurusan-desain.html]
[studyinjogja.com/studi/contoh-proposal-penelitian-jurusan-agribisnis.html]
[studyinjogja.com/studi/contoh-proposal-penelitian-jurusan-ilmu-politik.html]
[studyinjogja.com/studi/contoh-proposal-penelitian-jurusan-ilmu-gizi.html]
[studyinjogja.com/studi/contoh-proposal-penelitian-jurusan-manajemen.html]
[studyinjogja.com/studi/contoh-proposal-penelitian-jurusan-farmasi.html]
[studyinjogja.com/studi/contoh-proposal-penelitian-jurusan-biologi.html]
[studyinjogja.com/studi/contoh-proposal-penelitian-jurusan-teknik-kimia.html]
[studyinjogja.com/studi/contoh-proposal-penelitian-jurusan-kimia.html]
[studyinjogja.com/studi/contoh-proposal-penelitian-jurusan-sistem-informasi.html]
[studyinjogja.com/studi/contoh-proposal-penelitian-jurusan-fisika.html]
[studyinjogja.com/studi/contoh-proposal-penelitian-jurusan-teknik-informatika.html]
[studyinjogja.com/studi/contoh-proposal-penelitian-jurusan-matematika.html]
[studyinjogja.com/studi/contoh-proposal-penelitian-jurusan-teknik-mesin.html]
[studyinjogja.com/studi/contoh-proposal-penelitian-jurusan-bahasa.html]
[studyinjogja.com/studi/contoh-proposal-penelitian-jurusan-sosial-dan-politik.html]
[studyinjogja.com/studi/contoh-proposal-penelitian-jurusan-teknik-elektro.html]
[studyinjogja.com/studi/contoh-proposal-penelitian-jurusan-keperawatan.html]
[studyinjogja.com/studi/contoh-proposal-penelitian-bidang-pendidikan.html]
[studyinjogja.com/studi/contoh-proposal-penelitian-jurusan-pendidikan.html]
[studyinjogja.com/studi/contoh-proposal-penelitian-jurusan-sastra.html]
[studyinjogja.com/studi/contoh-proposal-penelitian-jurusan-pertanian.html]
[studyinjogja.com/studi/contoh-proposal-penelitian-jurusan-ekonomi.html]
[studyinjogja.com/studi/karir-biologi-kelautan.html]
[studyinjogja.com/studi/karir-pengembangan-perangkat-lunak.html]
[studyinjogja.com/studi/prospek-karir-biologi.html]
[studyinjogja.com/studi/prospek-karir-kriminologi.html]
[studyinjogja.com/studi/peluang-kerja-riset-biologi.html]
[studyinjogja.com/studi/peluang-kerja-analisis-kriminal.html]
[studyinjogja.com/studi/karir-biologi-forensik.html]
[studyinjogja.com/studi/karir-forensik-kriminal.html]
[studyinjogja.com/studi/prospek-karir-teknik-kimia.html]
[studyinjogja.com/studi/prospek-karir-desain-grafis.html]
[studyinjogja.com/studi/peluang-kerja-teknik-bioproses.html]
[studyinjogja.com/studi/peluang-kerja-desain-web.html]
[studyinjogja.com/studi/karir-teknik-bahan.html]
[studyinjogja.com/studi/karir-animasi.html]
[studyinjogja.com/studi/prospek-karir-teknik-sipil.html]
[studyinjogja.com/studi/prospek-karir-ekonomi.html]
[studyinjogja.com/studi/peluang-kerja-manajemen-konstruksi.html]
[studyinjogja.com/studi/peluang-kerja-riset-ekonomi.html]
[studyinjogja.com/studi/karir-teknik-arsitektur.html]
[studyinjogja.com/studi/karir-ekonomi-bisnis.html]
[studyinjogja.com/studi/prospek-karir-ilmu-komputer.html]
[studyinjogja.com/studi/prospek-karir-pendidikan.html]
[studyinjogja.com/studi/peluang-kerja-keamanan-siber.html]
[studyinjogja.com/studi/contoh-proposal-penelitian-bidang-ilmu-bahasa.html]
[studyinjogja.com/studi/peluang-kerja-pendidikan-khusus.html]
[studyinjogja.com/studi/program-kerja-kkn-jurusan-ilmu-komputer.html]
[studyinjogja.com/studi/program-kerja-kkn-jurusan-teknik-informatika.html]
[studyinjogja.com/studi/program-kerja-kkn-jurusan-teknologi-informasi.html]
[studyinjogja.com/studi/program-kerja-kkn-jurusan-manajemen.html]
[studyinjogja.com/studi/program-kerja-kkn-jurusan-ekonomi.html]
[studyinjogja.com/studi/program-kerja-kkn-jurusan-akuntansi.html]
[studyinjogja.com/studi/program-kerja-kkn-jurusan-ilmu-politik.html]
[studyinjogja.com/studi/program-kerja-kkn-jurusan-ilmu-pemerintahan.html]
[studyinjogja.com/studi/program-kerja-kkn-jurusan-hukum.html]
[studyinjogja.com/studi/program-kerja-kkn-jurusan-ilmu-kesehatan-masyarakat.html]
[studyinjogja.com/studi/program-kerja-kkn-jurusan-kedokteran.html]
[studyinjogja.com/studi/program-kerja-kkn-jurusan-matematika.html]
[studyinjogja.com/studi/contoh-proposal-penelitian-bidang-teknik-kimia.html]
[studyinjogja.com/studi/contoh-proposal-penelitian-bidang-ilmu-pemerintahan.html]
[studyinjogja.com/studi/contoh-proposal-penelitian-bidang-ilmu-kriminologi.html]
[studyinjogja.com/studi/contoh-proposal-penelitian-jurusan-agribisnis.html]
[studyinjogja.com/studi/contoh-proposal-penelitian-jurusan-ilmu-gizi.html]
[studyinjogja.com/studi/contoh-proposal-penelitian-jurusan-farmasi.html]
[studyinjogja.com/studi/contoh-proposal-penelitian-jurusan-teknik-kimia.html]
[studyinjogja.com/studi/contoh-proposal-penelitian-jurusan-sistem-informasi.html]
[studyinjogja.com/studi/contoh-proposal-penelitian-jurusan-teknik-informatika.html]
[studyinjogja.com/studi/contoh-proposal-penelitian-bidang-pendidikan.html]
[studyinjogja.com/studi/contoh-proposal-penelitian-jurusan-pendidikan.html]
[studyinjogja.com/studi/contoh-proposal-penelitian-jurusan-sastra.html]
[studyinjogja.com/studi/contoh-proposal-penelitian-jurusan-ekonomi.html]
[studyinjogja.com/studi/program-kerja-kkn-jurusan-farmasi.html]
[studyinjogja.com/studi/karir-pengembangan-perangkat-lunak.html]
[studyinjogja.com/studi/karir-teknologi-pendidikan.html]
[studyinjogja.com/studi/prospek-karir-kriminologi.html]
[studyinjogja.com/studi/prospek-karir-teknik-listrik.html]
[studyinjogja.com/studi/peluang-kerja-analisis-kriminal.html]
[studyinjogja.com/studi/peluang-kerja-teknik-telekomunikasi.html]
[studyinjogja.com/studi/karir-forensik-kriminal.html]
[studyinjogja.com/studi/karir-teknik-robotika.html]
[studyinjogja.com/studi/prospek-karir-desain-grafis.html]
[studyinjogja.com/studi/prospek-karir-teknik-lingkungan.html]
[studyinjogja.com/studi/peluang-kerja-desain-web.html]
[studyinjogja.com/studi/peluang-kerja-manajemen-limbah.html]
[studyinjogja.com/studi/karir-animasi.html]
[studyinjogja.com/studi/karir-teknik-perminyakan.html]
[studyinjogja.com/studi/prospek-karir-ekonomi.html]
[studyinjogja.com/studi/prospek-karir-kehutanan.html]
[studyinjogja.com/studi/peluang-kerja-riset-ekonomi.html]
[studyinjogja.com/studi/peluang-kerja-konservasi-lingkungan.html]
[studyinjogja.com/studi/karir-ekonomi-bisnis.html]
[studyinjogja.com/studi/karir-manajemen-lingkungan.html]
[studyinjogja.com/studi/prospek-karir-pendidikan.html]
[studyinjogja.com/studi/prospek-karir-studi-gender.html]
[studyinjogja.com/studi/peluang-kerja-pendidikan-khusus.html]
[studyinjogja.com/studi/peluang-kerja-advokasi-gender.html]
[studyinjogja.com/studi/program-kerja-kkn-jurusan-ilmu-komputer.html]
[studyinjogja.com/studi/program-kerja-kkn-jurusan-kesehatan-lingkungan.html]
[studyinjogja.com/studi/program-kerja-kkn-jurusan-teknik-informatika.html]
[studyinjogja.com/studi/program-kerja-kkn-jurusan-pendidikan-luar-sekolah.html]
[studyinjogja.com/studi/program-kerja-kkn-jurusan-teknologi-informasi.html]
[studyinjogja.com/studi/program-kerja-kkn-jurusan-sastra.html]
[studyinjogja.com/studi/program-kerja-kkn-jurusan-manajemen.html]
[studyinjogja.com/studi/program-kerja-kkn-jurusan-sejarah.html]
[studyinjogja.com/studi/program-kerja-kkn-jurusan-ekonomi.html]
[studyinjogja.com/studi/program-kerja-kkn-jurusan-psikologi.html]
[studyinjogja.com/studi/program-kerja-kkn-jurusan-akuntansi.html]
[studyinjogja.com/studi/program-kerja-kkn-jurusan-komunikasi.html]
[studyinjogja.com/studi/program-kerja-kkn-jurusan-ilmu-politik.html]
[studyinjogja.com/studi/program-kerja-kkn-jurusan-desain.html]
[studyinjogja.com/studi/contoh-program-kerja-kkn-jurusan-ilmu-pemerintahan.html]
[studyinjogja.com/studi/program-kerja-kkn-jurusan-ilmu-pemerintahan.html]
[studyinjogja.com/studi/program-kerja-kkn-jurusan-arsitektur.html]
[studyinjogja.com/studi/program-kerja-kkn-jurusan-hukum.html]
[studyinjogja.com/studi/program-kerja-kkn-jurusan-seni-rupa.html]
[studyinjogja.com/studi/program-kerja-kkn-jurusan-ilmu-kesehatan-masyarakat.html]
[studyinjogja.com/studi/program-kerja-kkn-jurusan-seni-musik.html]
[studyinjogja.com/studi/program-kerja-kkn-jurusan-kedokteran.html]
[studyinjogja.com/studi/program-kerja-kkn-jurusan-seni-tari.html]
[studyinjogja.com/studi/program-kerja-kkn-jurusan-farmasi.html]
[studyinjogja.com/studi/program-kerja-kkn-jurusan-teater.html]
[studyinjogja.com/studi/karir-teknologi-pendidikan.html]
[studyinjogja.com/studi/karir-kajian-feminis.html]
[studyinjogja.com/studi/prospek-karir-teknik-listrik.html]
[studyinjogja.com/studi/prospek-karir-geografi.html]
[studyinjogja.com/studi/peluang-kerja-teknik-telekomunikasi.html]
[studyinjogja.com/studi/peluang-kerja-antropologi.html]
[studyinjogja.com/studi/karir-teknik-robotika.html]
[studyinjogja.com/studi/karir-sosiologi.html]
[studyinjogja.com/studi/prospek-karir-teknik-lingkungan.html]
[studyinjogja.com/studi/prospek-kerja-arkeologi.html]
[studyinjogja.com/studi/peluang-kerja-manajemen-limbah.html]
[studyinjogja.com/studi/peluang-karir-ilmu-politik.html]
[studyinjogja.com/studi/karir-teknik-perminyakan.html]
[studyinjogja.com/studi/karir-sejarah.html]
[studyinjogja.com/studi/prospek-karir-kehutanan.html]
[studyinjogja.com/studi/prospek-kerja-kriminologi.html]
[studyinjogja.com/studi/peluang-kerja-konservasi-lingkungan.html]
[studyinjogja.com/studi/peluang-karir-hukum.html]
[studyinjogja.com/studi/karir-manajemen-lingkungan.html]
[studyinjogja.com/studi/karir-pendidikan-sejarah.html]
[studyinjogja.com/studi/prospek-karir-studi-gender.html]
[studyinjogja.com/studi/prospek-karir-kependudukan-dan-lingkungan-hidup.html]
[studyinjogja.com/studi/peluang-kerja-advokasi-gender.html]
[studyinjogja.com/studi/peluang-kerja-studi-pembangunan.html]
[studyinjogja.com/studi/program-kerja-kkn-jurusan-kesehatan-lingkungan.html]
[studyinjogja.com/studi/program-kerja-kkn-jurusan-bahasa-dan-sastra-inggris.html]
[studyinjogja.com/studi/program-kerja-kkn-jurusan-pendidikan-luar-sekolah.html]
[studyinjogja.com/studi/program-kerja-kkn-jurusan-bahasa-dan-sastra-indonesia.html]
[studyinjogja.com/studi/program-kerja-kkn-jurusan-sastra.html]
[studyinjogja.com/studi/program-kerja-kkn-jurusan-bahasa-jepang.html]
[studyinjogja.com/studi/program-kerja-kkn-jurusan-sejarah.html]
[studyinjogja.com/studi/program-kerja-kkn-jurusan-bahasa-korea.html]
[pagead2.googlesyndication.com/pagead/js/f7830.txt]
[studyinjogja.com/studi/program-kerja-kkn-jurusan-psikologi.html]
[studyinjogja.com/studi/program-kerja-kkn-jurusan-bahasa-mandarin.html]
[studyinjogja.com/studi/program-kerja-kkn-jurusan-komunikasi.html]
[studyinjogja.com/studi/program-kerja-kkn-jurusan-linguistik.html]
[studyinjogja.com/studi/program-kerja-kkn-jurusan-desain.html]
[studyinjogja.com/studi/program-kerja-kkn-jurusan-filsafat.html]
[studyinjogja.com/studi/program-kerja-kkn-jurusan-sistem-informasi.html]
[studyinjogja.com/studi/langkah-langkah-membuat-program-kkn.html]
[studyinjogja.com/studi/contoh-program-kerja-kkn-literasi.html]
[studyinjogja.com/studi/metode-pelaksanaan-program-kkn.html]
[studyinjogja.com/studi/contoh-program-kerja-kkn-bidang-ekonomi-manajemen.html]
[studyinjogja.com/studi/program-fisik-dan-non-fisik-kkn.html]
[studyinjogja.com/studi/contoh-program-kerja-kkn-jurusan-ilmu-administrasi-negara.html]
[studyinjogja.com/studi/program-kerja-kkn-tanaman-obat-keluarga.html]
[studyinjogja.com/studi/contoh-program-kerja-kkn-bidang-olahraga.html]
[studyinjogja.com/studi/program-kerja-kkn-bidang-koperasi-dan-usaha-mikro.html]
[studyinjogja.com/studi/program-kerja-kkn-di-daerah-rawan-bencana.html]
[studyinjogja.com/studi/contoh-program-kerja-kkn-jurusan-ilmu-pemerintahan.html]
[studyinjogja.com/studi/program-kerja-kkn-di-kawasan-perbatasan.html]
[studyinjogja.com/studi/program-kerja-kkn-jurusan-arsitektur.html]
[studyinjogja.com/studi/program-kerja-kkn-jurusan-agama.html]
[studyinjogja.com/studi/program-kerja-kkn-jurusan-seni-rupa.html]
[studyinjogja.com/studi/program-kerja-kkn-jurusan-pendidikan-agama.html]
[studyinjogja.com/studi/program-kerja-kkn-jurusan-seni-musik.html]
[studyinjogja.com/studi/program-kerja-kkn-jurusan-ilmu-sosial-dan-ilmu-politik.html]
[studyinjogja.com/studi/program-kerja-kkn-jurusan-seni-tari.html]
[studyinjogja.com/studi/program-kerja-kkn-jurusan-sosiologi.html]
[studyinjogja.com/studi/program-kerja-kkn-jurusan-teater.html]
[studyinjogja.com/studi/program-kerja-kkn-jurusan-antropologi.html]
[studyinjogja.com/studi/karir-kajian-feminis.html]
[studyinjogja.com/studi/karir-hubungan-internasional.html]
[studyinjogja.com/studi/prospek-karir-geografi.html]
[studyinjogja.com/studi/prospek-kerja-ekonomi-pembangunan.html]
[studyinjogja.com/studi/peluang-kerja-antropologi.html]
[studyinjogja.com/studi/peluang-karir-ilmu-komunikasi.html]
[studyinjogja.com/studi/karir-sosiologi.html]
[studyinjogja.com/studi/karir-jurnalistik.html]
[studyinjogja.com/studi/prospek-kerja-arkeologi.html]
[studyinjogja.com/studi/prospek-kerja-fotografi.html]
[studyinjogja.com/studi/peluang-karir-ilmu-politik.html]
[studyinjogja.com/studi/peluang-karir-desain-grafis.html]
[studyinjogja.com/studi/karir-sejarah.html]
[studyinjogja.com/studi/karir-seni-rupa.html]
[studyinjogja.com/studi/prospek-kerja-kriminologi.html]
[studyinjogja.com/studi/prospek-kerja-arsitektur.html]
[studyinjogja.com/studi/peluang-karir-hukum.html]
[studyinjogja.com/studi/peluang-karir-teknik-sipil.html]
[studyinjogja.com/studi/karir-pendidikan-sejarah.html]
[studyinjogja.com/studi/karir-teknik-geologi.html]
[studyinjogja.com/studi/prospek-karir-kependudukan-dan-lingkungan-hidup.html]
[studyinjogja.com/studi/prospek-kerja-teknik-pertambangan.html]
[studyinjogja.com/studi/peluang-kerja-studi-pembangunan.html]
[studyinjogja.com/studi/peluang-karir-teknik-geofisika.html]
[studyinjogja.com/studi/program-kerja-kkn-jurusan-bahasa-dan-sastra-inggris.html]
[studyinjogja.com/studi/program-kerja-kkn-jurusan-komunikasi-visual.html]
[studyinjogja.com/studi/program-kerja-kkn-jurusan-bahasa-dan-sastra-indonesia.html]
[studyinjogja.com/studi/program-kerja-kkn-jurusan-komunikasi-multimedia.html]
[studyinjogja.com/studi/program-kerja-kkn-jurusan-bahasa-jepang.html]
[studyinjogja.com/studi/program-kerja-kkn-jurusan-teknik-multimedia-dan-jaringan.html]
[studyinjogja.com/studi/program-kerja-kkn-jurusan-bahasa-korea.html]
[studyinjogja.com/studi/program-kerja-kkn-jurusan-teknik-fotografi.html]
[studyinjogja.com/studi/program-kerja-kkn-jurusan-bahasa-mandarin.html]
[studyinjogja.com/studi/program-kerja-kkn-jurusan-teknik-televisi-dan-film.html]
[studyinjogja.com/studi/program-kerja-kkn-jurusan-linguistik.html]
[studyinjogja.com/studi/program-kerja-kkn-jurusan-teknik-broadcasting.html]
[studyinjogja.com/studi/program-kerja-kkn-jurusan-filsafat.html]
[studyinjogja.com/studi/program-kerja-kkn-jurusan-teknik-animasi.html]
[studyinjogja.com/studi/program-kerja-kkn-jurusan-sistem-informasi.html]
[studyinjogja.com/studi/program-kerja-kkn-bidang-kebudayaan-dan-sejarah.html]
[studyinjogja.com/studi/langkah-langkah-membuat-program-kkn.html]
[studyinjogja.com/studi/program-kerja-kkn-bidang-hewan-peliharaan-dan-satwa-liar.html]
[studyinjogja.com/studi/contoh-program-kerja-kkn-literasi.html]
[studyinjogja.com/studi/program-kerja-kkn-di-panti-asuhan-atau-lembaga-sosial.html]
[studyinjogja.com/studi/metode-pelaksanaan-program-kkn.html]
[studyinjogja.com/studi/program-kerja-kkn-bidang-industri-kreatif.html]
[studyinjogja.com/studi/contoh-program-kerja-kkn-bidang-ekonomi-manajemen.html]
[studyinjogja.com/studi/program-kerja-kkn-di-kawasan-industri.html]
[studyinjogja.com/studi/program-fisik-dan-non-fisik-kkn.html]
[studyinjogja.com/studi/program-kerja-kkn-bidang-kependudukan-dan-keluarga-berencana.html]
[studyinjogja.com/studi/contoh-program-kerja-kkn-jurusan-ilmu-administrasi-negara.html]
[studyinjogja.com/studi/program-kerja-kkn-di-kawasan-pedesaan.html]
[studyinjogja.com/studi/program-kerja-kkn-tanaman-obat-keluarga.html]
[studyinjogja.com/studi/program-kerja-kkn-bidang-pemuda-dan-olahraga.html]
[studyinjogja.com/studi/contoh-program-kerja-kkn-bidang-olahraga.html]
[studyinjogja.com/studi/program-kerja-kkn-di-desa-adat-atau-masyarakat-adat.html]
[studyinjogja.com/studi/program-kerja-kkn-bidang-koperasi-dan-usaha-mikro.html]
[studyinjogja.com/studi/program-kerja-kkn-bidang-pemberdayaan-ekonomi-perempuan.html]
[studyinjogja.com/studi/program-kerja-kkn-di-daerah-rawan-bencana.html]
[studyinjogja.com/studi/program-kerja-kkn-di-pusat-perbelanjaan-atau-pasar-tradisional.html]
[studyinjogja.com/studi/program-kerja-kkn-di-kawasan-perbatasan.html]
[studyinjogja.com/studi/program-kerja-kkn-bidang-transportasi-dan-logistik.html]
[studyinjogja.com/studi/program-kerja-kkn-jurusan-agama.html]
[studyinjogja.com/studi/program-kerja-kkn-jurusan-teknik-game.html]
[studyinjogja.com/studi/program-kerja-kkn-jurusan-pendidikan-agama.html]
[studyinjogja.com/studi/program-kerja-kkn-jurusan-perhotelan.html]
[studyinjogja.com/studi/program-kerja-kkn-jurusan-ilmu-sosial-dan-ilmu-politik.html]
[studyinjogja.com/studi/program-kerja-kkn-jurusan-pariwisata.html]
[studyinjogja.com/studi/program-kerja-kkn-jurusan-sosiologi.html]
[studyinjogja.com/studi/program-kerja-kkn-jurusan-manajemen-bisnis-kreatif.html]
[studyinjogja.com/studi/program-kerja-kkn-jurusan-antropologi.html]
[studyinjogja.com/studi/program-kerja-kkn-jurusan-teknik-desain-produk.html]
[studyinjogja.com/studi/karir-hubungan-internasional.html]
[studyinjogja.com/studi/karir-teknik-lingkungan.html]
[studyinjogja.com/studi/prospek-kerja-ekonomi-pembangunan.html]
[studyinjogja.com/studi/prospek-kerja-teknik-kimia.html]
[studyinjogja.com/studi/peluang-karir-ilmu-komunikasi.html]
[studyinjogja.com/studi/peluang-karir-teknik-fisika.html]
[studyinjogja.com/studi/karir-jurnalistik.html]
[studyinjogja.com/studi/karir-teknik-elektro.html]
[studyinjogja.com/studi/prospek-kerja-fotografi.html]
[studyinjogja.com/studi/prospek-kerja-teknik-mesin.html]
[studyinjogja.com/studi/peluang-karir-desain-grafis.html]
[studyinjogja.com/studi/peluang-karir-teknik-industri.html]
[studyinjogja.com/studi/karir-seni-rupa.html]
[studyinjogja.com/studi/karir-teknik-informatika.html]
[studyinjogja.com/studi/prospek-kerja-arsitektur.html]
[studyinjogja.com/studi/prospek-kerja-sistem-informasi.html]
[studyinjogja.com/studi/peluang-karir-teknik-sipil.html]
[studyinjogja.com/studi/peluang-kerja-teknik-biomedis.html]
[studyinjogja.com/studi/karir-teknik-geologi.html]
[studyinjogja.com/studi/karir-farmasi.html]
[studyinjogja.com/studi/prospek-kerja-teknik-pertambangan.html]
[studyinjogja.com/studi/prospek-karir-kedokteran.html]
[studyinjogja.com/studi/peluang-karir-teknik-geofisika.html]
[studyinjogja.com/studi/peluang-kerja-psikologi.html]
[studyinjogja.com/studi/program-kerja-kkn-jurusan-komunikasi-visual.html]
[studyinjogja.com/studi/contoh-susunan-acara-seminar-nasional.html]
[studyinjogja.com/studi/program-kerja-kkn-jurusan-komunikasi-multimedia.html]
[studyinjogja.com/studi/contoh-susunan-acara-seminar-online.html]
[studyinjogja.com/studi/program-kerja-kkn-jurusan-teknik-multimedia-dan-jaringan.html]
[studyinjogja.com/studi/contoh-susunan-acara-seminar-pendidikan.html]
[studyinjogja.com/studi/program-kerja-kkn-jurusan-teknik-fotografi.html]
[studyinjogja.com/studi/contoh-susunan-acara-seminar-kesehatan.html]
[studyinjogja.com/studi/program-kerja-kkn-jurusan-teknik-televisi-dan-film.html]
[studyinjogja.com/studi/contoh-susunan-acara-seminar-keuangan.html]
[studyinjogja.com/studi/program-kerja-kkn-jurusan-teknik-broadcasting.html]
[studyinjogja.com/studi/contoh-susunan-acara-seminar-motivasi.html]
[studyinjogja.com/studi/program-kerja-kkn-jurusan-teknik-animasi.html]
[studyinjogja.com/studi/contoh-susunan-acara-seminar-bisnis.html]
[studyinjogja.com/studi/program-kerja-kkn-bidang-kebudayaan-dan-sejarah.html]
[studyinjogja.com/studi/program-kerja-kkn-di-kawasan-perikanan.html]
[studyinjogja.com/studi/program-kerja-kkn-bidang-hewan-peliharaan-dan-satwa-liar.html]
[studyinjogja.com/studi/program-kerja-kkn-bidang-kesejahteraan-rakyat.html]
[studyinjogja.com/studi/program-kerja-kkn-di-panti-asuhan-atau-lembaga-sosial.html]
[studyinjogja.com/studi/program-kerja-kkn-di-kawasan-wisata-alam-atau-taman-nasional.html]
[studyinjogja.com/studi/program-kerja-kkn-bidang-industri-kreatif.html]
[studyinjogja.com/studi/program-kerja-kkn-bidang-kesehatan-lingkungan.html]
[studyinjogja.com/studi/program-kerja-kkn-di-kawasan-industri.html]
[studyinjogja.com/studi/program-kerja-kkn-di-lingkungan-perkantoran-atau-perguruan-tinggi.html]
[studyinjogja.com/studi/program-kerja-kkn-bidang-kependudukan-dan-keluarga-berencana.html]
[studyinjogja.com/studi/program-kerja-kkn-bidang-kesehatan-mental.html]
[studyinjogja.com/studi/program-kerja-kkn-di-kawasan-pedesaan.html]
[studyinjogja.com/studi/program-kerja-kkn-di-kawasan-perumahan-atau-hunian-sosial.html]
[studyinjogja.com/studi/program-kerja-kkn-bidang-pemuda-dan-olahraga.html]
[studyinjogja.com/studi/program-kerja-kkn-bidang-hukum-dan-hak-asasi-manusia.html]
[studyinjogja.com/studi/program-kerja-kkn-di-desa-adat-atau-masyarakat-adat.html]
[studyinjogja.com/studi/program-kerja-kkn-di-pusat-kesehatan-masyarakat.html]
[studyinjogja.com/studi/program-kerja-kkn-bidang-pemberdayaan-ekonomi-perempuan.html]
[studyinjogja.com/studi/program-kerja-kkn-bidang-perdagangan.html]
[studyinjogja.com/studi/program-kerja-kkn-di-pusat-perbelanjaan-atau-pasar-tradisional.html]
[studyinjogja.com/studi/program-kerja-kkn-di-tempat-ibadah-atau-pusat-keagamaan.html]
[studyinjogja.com/studi/program-kerja-kkn-bidang-transportasi-dan-logistik.html]
[studyinjogja.com/studi/program-kerja-kkn-bidang-pemberdayaan-anak-muda.html]
[studyinjogja.com/studi/program-kerja-kkn-jurusan-teknik-game.html]
[studyinjogja.com/studi/contoh-susunan-acara-seminar-teknologi.html]
[studyinjogja.com/studi/program-kerja-kkn-jurusan-perhotelan.html]
[studyinjogja.com/studi/contoh-susunan-acara-seminar-hukum.html]
[studyinjogja.com/studi/program-kerja-kkn-jurusan-pariwisata.html]
[studyinjogja.com/studi/contoh-susunan-acara-seminar-literasi.html]
[studyinjogja.com/studi/program-kerja-kkn-jurusan-manajemen-bisnis-kreatif.html]
[studyinjogja.com/studi/contoh-susunan-acara-seminar-lingkungan.html]
[studyinjogja.com/studi/program-kerja-kkn-jurusan-teknik-desain-produk.html]
[studyinjogja.com/studi/contoh-susunan-acara-seminar-pengembangan-diri.html]
[studyinjogja.com/studi/karir-teknik-lingkungan.html]
[studyinjogja.com/studi/karir-psikologi-pendidikan.html]
[studyinjogja.com/studi/prospek-kerja-teknik-kimia.html]
[studyinjogja.com/studi/prospek-kerja-psikologi-klinis.html]
[studyinjogja.com/studi/peluang-karir-teknik-fisika.html]
[studyinjogja.com/studi/peluang-karir-psikologi-industri-dan-organisasi.html]
[studyinjogja.com/studi/karir-teknik-elektro.html]
[studyinjogja.com/studi/karir-ilmu-gizi.html]
[studyinjogja.com/studi/prospek-kerja-teknik-mesin.html]
[studyinjogja.com/studi/prospek-kerja-biologi.html]
[studyinjogja.com/studi/peluang-karir-teknik-industri.html]
[studyinjogja.com/studi/peluang-kerja-mikrobiologi.html]
[studyinjogja.com/studi/karir-teknik-informatika.html]
[studyinjogja.com/studi/karir-kimia.html]
[studyinjogja.com/studi/prospek-kerja-sistem-informasi.html]
[studyinjogja.com/studi/prospek-kerja-fisika.html]
[studyinjogja.com/studi/peluang-kerja-teknik-biomedis.html]
[studyinjogja.com/studi/peluang-karir-matematika.html]
[studyinjogja.com/studi/karir-farmasi.html]
[studyinjogja.com/studi/karir-statistika.html]
[studyinjogja.com/studi/prospek-karir-kedokteran.html]
[studyinjogja.com/studi/prospek-kerja-informatika-bisnis.html]
[studyinjogja.com/studi/peluang-kerja-psikologi.html]
[studyinjogja.com/studi/peluang-kerja-manajemen.html]
[studyinjogja.com/studi/contoh-susunan-acara-seminar-nasional.html]
[studyinjogja.com/studi/contoh-susunan-acara-seminar-parenting.html]
[studyinjogja.com/studi/contoh-susunan-acara-seminar-online.html]
[studyinjogja.com/studi/contoh-susunan-acara-seminar-psikologi.html]
[studyinjogja.com/studi/contoh-susunan-acara-seminar-pendidikan.html]
[studyinjogja.com/studi/contoh-susunan-acara-seminar-kecantikan.html]
[studyinjogja.com/studi/contoh-susunan-acara-seminar-kesehatan.html]
[studyinjogja.com/studi/contoh-susunan-acara-seminar-agama.html]
[studyinjogja.com/studi/contoh-susunan-acara-seminar-keuangan.html]
[studyinjogja.com/studi/contoh-susunan-acara-seminar-karir.html]
[studyinjogja.com/studi/contoh-susunan-acara-seminar-motivasi.html]
[studyinjogja.com/studi/contoh-susunan-acara-seminar-marketing.html]
[studyinjogja.com/studi/contoh-susunan-acara-seminar-bisnis.html]
[studyinjogja.com/studi/contoh-susunan-acara-seminar-investasi.html]
[studyinjogja.com/studi/program-kerja-kkn-di-kawasan-perikanan.html]
[studyinjogja.com/studi/program-kerja-kkn-di-industri-kecil-dan-menengah.html]
[studyinjogja.com/studi/program-kerja-kkn-bidang-kesejahteraan-rakyat.html]
[studyinjogja.com/studi/program-kerja-kkn-bidang-sosial-dan-kemanusiaan.html]
[studyinjogja.com/studi/program-kerja-kkn-di-kawasan-wisata-alam-atau-taman-nasional.html]
[studyinjogja.com/studi/program-kerja-kkn-di-kawasan-perkebunan.html]
[studyinjogja.com/studi/program-kerja-kkn-bidang-kesehatan-lingkungan.html]
[studyinjogja.com/studi/program-kerja-kkn-bidang-teknologi-dan-inovasi.html]
[studyinjogja.com/studi/program-kerja-kkn-di-lingkungan-perkantoran-atau-perguruan-tinggi.html]
[studyinjogja.com/studi/program-kerja-kkn-di-sekolah-dasar-atau-sekolah-menengah-pertama.html]
[studyinjogja.com/studi/program-kerja-kkn-bidang-kesehatan-mental.html]
[studyinjogja.com/studi/program-kerja-kkn-bidang-kesejahteraan-hewan-peliharaan.html]
[studyinjogja.com/studi/program-kerja-kkn-di-kawasan-perumahan-atau-hunian-sosial.html]
[studyinjogja.com/studi/program-kerja-kkn-di-kawasan-perkebunan-kelapa-sawit.html]
[studyinjogja.com/studi/program-kerja-kkn-bidang-hukum-dan-hak-asasi-manusia.html]
[studyinjogja.com/studi/program-kerja-kkn-bidang-konservasi-lingkungan-hidup.html]
[studyinjogja.com/studi/program-kerja-kkn-di-pusat-kesehatan-masyarakat.html]
[studyinjogja.com/studi/program-kerja-kkn-di-kawasan-perkotaan.html]
[studyinjogja.com/studi/program-kerja-kkn-bidang-perdagangan.html]
[studyinjogja.com/studi/program-kerja-kkn-bidang-pendidikan-agama.html]
[studyinjogja.com/studi/program-kerja-kkn-di-tempat-ibadah-atau-pusat-keagamaan.html]
[studyinjogja.com/studi/program-kerja-kkn-di-kawasan-pariwisata.html]
[studyinjogja.com/studi/program-kerja-kkn-bidang-pemberdayaan-anak-muda.html]
[studyinjogja.com/studi/program-kerja-kkn-bidang-keselamatan-dan-kesehatan-kerja.html]
[studyinjogja.com/studi/contoh-susunan-acara-seminar-teknologi.html]
[studyinjogja.com/studi/contoh-susunan-acara-seminar-entrepreneurship.html]
[studyinjogja.com/studi/contoh-susunan-acara-seminar-hukum.html]
[studyinjogja.com/studi/contoh-susunan-acara-seminar-teknologi-informasi.html]
[studyinjogja.com/studi/contoh-susunan-acara-seminar-literasi.html]
[studyinjogja.com/studi/contoh-susunan-acara-seminar-manajemen.html]
[studyinjogja.com/studi/contoh-susunan-acara-seminar-lingkungan.html]
[studyinjogja.com/studi/contoh-susunan-acara-seminar-komunikasi.html]
[studyinjogja.com/studi/contoh-susunan-acara-seminar-pengembangan-diri.html]
[studyinjogja.com/studi/contoh-susunan-acara-seminar-bahasa.html]
[studyinjogja.com/studi/karir-psikologi-pendidikan.html]
[studyinjogja.com/studi/karir-akuntansi.html]
[studyinjogja.com/studi/prospek-kerja-psikologi-klinis.html]
[studyinjogja.com/studi/prospek-kerja-keuangan.html]
[studyinjogja.com/studi/peluang-karir-psikologi-industri-dan-organisasi.html]
[studyinjogja.com/studi/peluang-karir-pemasaran.html]
[studyinjogja.com/studi/karir-ilmu-gizi.html]
[studyinjogja.com/studi/karir-perhotelan-dan-pariwisata.html]
[studyinjogja.com/studi/prospek-kerja-biologi.html]
[studyinjogja.com/studi/prospek-kerja-event-management.html]
[studyinjogja.com/studi/peluang-kerja-mikrobiologi.html]
[studyinjogja.com/studi/peluang-kerja-manajemen-rumah-sakit.html]
[studyinjogja.com/studi/karir-kimia.html]
[studyinjogja.com/studi/karir-manajemen-logistik.html]
[studyinjogja.com/studi/prospek-kerja-fisika.html]
[studyinjogja.com/studi/prospek-kerja-transportasi-dan-logistik.html]
[studyinjogja.com/studi/peluang-karir-matematika.html]
[studyinjogja.com/studi/peluang-karir-teknik-kimia-industri.html]
[studyinjogja.com/studi/karir-statistika.html]
[studyinjogja.com/studi/karir-teknologi-pangan.html]
[studyinjogja.com/studi/prospek-kerja-informatika-bisnis.html]
[studyinjogja.com/studi/prospek-kerja-agribisnis.html]
[studyinjogja.com/studi/peluang-kerja-manajemen.html]
[studyinjogja.com/studi/peluang-kerja-peternakan.html]
[studyinjogja.com/studi/contoh-susunan-acara-seminar-parenting.html]
[studyinjogja.com/studi/contoh-susunan-acara-seminar-penelitian.html]
[studyinjogja.com/studi/contoh-susunan-acara-seminar-psikologi.html]
[studyinjogja.com/studi/contoh-susunan-acara-seminar-keperawatan.html]
[studyinjogja.com/studi/contoh-susunan-acara-seminar-kecantikan.html]
[studyinjogja.com/studi/contoh-teks-mc-seminar-yang-menarik.html]
[studyinjogja.com/studi/contoh-susunan-acara-seminar-agama.html]
[studyinjogja.com/studi/teks-mc-acara-seminar-yang-professional.html]
[studyinjogja.com/studi/contoh-susunan-acara-seminar-karir.html]
[studyinjogja.com/studi/tips-membuat-teks-mc-seminar-yang-berkesan.html]
[studyinjogja.com/studi/contoh-susunan-acara-seminar-marketing.html]
[studyinjogja.com/studi/teks-mc-seminar-yang-sopan-dan-ramah.html]
[studyinjogja.com/studi/contoh-susunan-acara-seminar-investasi.html]
[studyinjogja.com/studi/contoh-opening-teks-mc-acara-seminar.html]
[studyinjogja.com/studi/program-kerja-kkn-di-industri-kecil-dan-menengah.html]
[studyinjogja.com/studi/program-kerja-kkn-di-kawasan-perdagangan-internasional.html]
[studyinjogja.com/studi/program-kerja-kkn-bidang-sosial-dan-kemanusiaan.html]
[studyinjogja.com/studi/program-kerja-kkn-bidang-pengembangan-produk-halal.html]
[studyinjogja.com/studi/program-kerja-kkn-di-kawasan-perkebunan.html]
[studyinjogja.com/studi/program-kerja-kkn-di-kawasan-perikanan-budidaya.html]
[studyinjogja.com/studi/program-kerja-kkn-bidang-teknologi-dan-inovasi.html]
[studyinjogja.com/studi/program-kerja-kkn-bidang-pemberdayaan-masyarakat-adat.html]
[studyinjogja.com/studi/program-kerja-kkn-di-sekolah-dasar-atau-sekolah-menengah-pertama.html]
[studyinjogja.com/studi/program-kerja-kkn-di-lingkungan-pemukiman-kumuh.html]
[studyinjogja.com/studi/program-kerja-kkn-bidang-kesejahteraan-hewan-peliharaan.html]
[studyinjogja.com/studi/program-kerja-kkn-bidang-pelayanan-publik.html]
[studyinjogja.com/studi/program-kerja-kkn-di-kawasan-perkebunan-kelapa-sawit.html]
[studyinjogja.com/studi/program-kerja-kkn-di-kawasan-perhubungan.html]
[studyinjogja.com/studi/program-kerja-kkn-bidang-konservasi-lingkungan-hidup.html]
[studyinjogja.com/studi/program-kerja-kkn-bidang-perdagangan-internasional.html]
[studyinjogja.com/studi/program-kerja-kkn-di-kawasan-perkotaan.html]
[studyinjogja.com/studi/program-kerja-kkn-di-lingkungan-kampus-atau-sekolah-tinggi.html]
[studyinjogja.com/studi/program-kerja-kkn-bidang-pendidikan-agama.html]
[studyinjogja.com/studi/program-kerja-kkn-bidang-kesehatan-masyarakat.html]
[studyinjogja.com/studi/program-kerja-kkn-di-kawasan-pariwisata.html]
[studyinjogja.com/studi/program-kerja-kkn-di-kawasan-wisata-budaya.html]
[studyinjogja.com/studi/program-kerja-kkn-bidang-keselamatan-dan-kesehatan-kerja.html]
[studyinjogja.com/studi/program-kerja-kkn-bidang-pendidikan-karakter.html]
[studyinjogja.com/studi/contoh-susunan-acara-seminar-entrepreneurship.html]
[studyinjogja.com/studi/contoh-closing-teks-mc-acara-seminar.html]
[studyinjogja.com/studi/contoh-susunan-acara-seminar-teknologi-informasi.html]
[studyinjogja.com/studi/teks-mc-seminar-yang-memotivasi-peserta.html]
[studyinjogja.com/studi/contoh-susunan-acara-seminar-manajemen.html]
[studyinjogja.com/studi/teks-mc-seminar-yang-inspiratif.html]
[studyinjogja.com/studi/contoh-susunan-acara-seminar-komunikasi.html]
[studyinjogja.com/studi/teks-mc-seminar-yang-informatif.html]
[studyinjogja.com/studi/contoh-susunan-acara-seminar-bahasa.html]
[studyinjogja.com/studi/teks-mc-seminar-yang-menghibur.html]
[studyinjogja.com/studi/karir-akuntansi.html]
[studyinjogja.com/studi/karir-teknik-pertanian.html]
[studyinjogja.com/studi/prospek-kerja-keuangan.html]
[studyinjogja.com/studi/prospek-kerja-teknik-perikanan.html]
[studyinjogja.com/studi/peluang-karir-pemasaran.html]
[studyinjogja.com/studi/peluang-kerja-manajemen-sumber-daya-hutan.html]
[studyinjogja.com/studi/karir-perhotelan-dan-pariwisata.html]
[studyinjogja.com/studi/karir-kehutanan.html]
[studyinjogja.com/studi/prospek-kerja-event-management.html]
[studyinjogja.com/studi/prospek-kerja-lingkungan-hidup.html]
[studyinjogja.com/studi/peluang-kerja-manajemen-rumah-sakit.html]
[studyinjogja.com/studi/peluang-kerja-ilmu-kelautan.html]
[studyinjogja.com/studi/karir-manajemen-logistik.html]
[studyinjogja.com/studi/karir-teknik-kelautan.html]
[studyinjogja.com/studi/prospek-kerja-transportasi-dan-logistik.html]
[studyinjogja.com/studi/prospek-kerja-teknik-elektro-listrik.html]
[studyinjogja.com/studi/peluang-karir-teknik-kimia-industri.html]
[studyinjogja.com/studi/peluang-karir-teknik-telekomunikasi.html]
[studyinjogja.com/studi/karir-teknologi-pangan.html]
[studyinjogja.com/studi/karir-teknik-aeroangkasa.html]
[studyinjogja.com/studi/prospek-kerja-agribisnis.html]
[studyinjogja.com/studi/prospek-kerja-akuntansi.html]
[studyinjogja.com/studi/peluang-kerja-peternakan.html]
[studyinjogja.com/studi/peluang-kerja-arkeologi.html]
[studyinjogja.com/studi/contoh-susunan-acara-seminar-penelitian.html]
[studyinjogja.com/studi/teks-mc-seminar-yang-mengajak-diskusi.html]
[studyinjogja.com/studi/contoh-susunan-acara-seminar-keperawatan.html]
[studyinjogja.com/studi/contoh-teks-mc-seminar-singkat-namun-padat.html]
[studyinjogja.com/studi/contoh-teks-mc-seminar-yang-menarik.html]
[studyinjogja.com/studi/teks-mc-seminar-yang-mengalir-dengan-baik.html]
[studyinjogja.com/studi/teks-mc-acara-seminar-yang-professional.html]
[studyinjogja.com/studi/teks-mc-seminar-yang-mengadaptasi-kondisi-ruangan.html]
[studyinjogja.com/studi/tips-membuat-teks-mc-seminar-yang-berkesan.html]
[studyinjogja.com/studi/teks-mc-seminar-yang-mengadaptasi-audiens.html]
[studyinjogja.com/studi/teks-mc-seminar-yang-sopan-dan-ramah.html]
[studyinjogja.com/studi/teks-mc-seminar-yang-menghormati-pembicara.html]
[studyinjogja.com/studi/contoh-opening-teks-mc-acara-seminar.html]
[studyinjogja.com/studi/contoh-teks-mc-seminar-yang-mengungkapkan-tujuan-acara.html]
[studyinjogja.com/studi/program-kerja-kkn-di-kawasan-perdagangan-internasional.html]
[studyinjogja.com/studi/program-kerja-kkn-di-kawasan-pertanian.html]
[studyinjogja.com/studi/program-kerja-kkn-bidang-pengembangan-produk-halal.html]
[studyinjogja.com/studi/program-kerja-kkn-bidang-pemberdayaan-usaha-mikro.html]
[studyinjogja.com/studi/program-kerja-kkn-di-kawasan-perikanan-budidaya.html]
[studyinjogja.com/studi/program-kerja-kkn-di-kawasan-perikanan-tangkap.html]
[studyinjogja.com/studi/program-kerja-kkn-bidang-pemberdayaan-masyarakat-adat.html]
[studyinjogja.com/studi/program-kerja-kkn-bidang-kesehatan-ibu-dan-anak.html]
[studyinjogja.com/studi/program-kerja-kkn-di-lingkungan-pemukiman-kumuh.html]
[studyinjogja.com/studi/program-kerja-kkn-di-kawasan-perkebunan-kopi.html]
[studyinjogja.com/studi/program-kerja-kkn-bidang-pelayanan-publik.html]
[studyinjogja.com/studi/program-kerja-kkn-bidang-kesetaraan-gender.html]
[studyinjogja.com/studi/program-kerja-kkn-di-kawasan-perhubungan.html]
[studyinjogja.com/studi/program-kerja-kkn-di-kawasan-perikanan-laut.html]
[studyinjogja.com/studi/program-kerja-kkn-bidang-perdagangan-internasional.html]
[studyinjogja.com/studi/program-kerja-kkn-bidang-pemberdayaan-difabel.html]
[studyinjogja.com/studi/program-kerja-kkn-di-lingkungan-kampus-atau-sekolah-tinggi.html]
[studyinjogja.com/studi/program-kerja-kkn-di-kawasan-energi-terbarukan.html]
[studyinjogja.com/studi/program-kerja-kkn-bidang-kesehatan-masyarakat.html]
[studyinjogja.com/studi/program-kerja-kkn-bidang-keterampilan-hidup.html]
[studyinjogja.com/studi/program-kerja-kkn-di-kawasan-wisata-budaya.html]
[studyinjogja.com/studi/program-kerja-kkn-di-desa-wisata.html]
[studyinjogja.com/studi/program-kerja-kkn-bidang-pendidikan-karakter.html]
[studyinjogja.com/studi/program-kerja-kkn-bidang-pemberdayaan-petani.html]
[studyinjogja.com/studi/contoh-closing-teks-mc-acara-seminar.html]
[studyinjogja.com/studi/contoh-teks-mc-seminar-yang-menyebutkan-jadwal-acara.html]
[studyinjogja.com/studi/teks-mc-seminar-yang-memotivasi-peserta.html]
[studyinjogja.com/studi/teks-mc-seminar-yang-menjelaskan-tema-acara.html]
[studyinjogja.com/studi/teks-mc-seminar-yang-inspiratif.html]
[studyinjogja.com/studi/teks-mc-seminar-yang-memperkenalkan-pembicara.html]
[studyinjogja.com/studi/teks-mc-seminar-yang-informatif.html]
[studyinjogja.com/studi/teks-mc-seminar-yang-menyampaikan-ucapan-terima-kasih.html]
[studyinjogja.com/studi/teks-mc-seminar-yang-menghibur.html]
[studyinjogja.com/studi/teks-mc-seminar-yang-meminta-feedback-peserta.html]
[studyinjogja.com/studi/karir-teknik-pertanian.html]
[studyinjogja.com/studi/prospek-karir-teknik-biomedis.html]
[studyinjogja.com/studi/prospek-kerja-teknik-perikanan.html]
[studyinjogja.com/studi/peluang-kerja-teknologi-pendidikan.html]
[studyinjogja.com/studi/peluang-kerja-manajemen-sumber-daya-hutan.html]
[studyinjogja.com/studi/karir-desain-grafis.html]
[studyinjogja.com/studi/karir-kehutanan.html]
[studyinjogja.com/studi/peluang-karir-hubungan-internasional.html]
[studyinjogja.com/studi/prospek-kerja-lingkungan-hidup.html]
[studyinjogja.com/studi/karir-ilmu-komunikasi.html]
[studyinjogja.com/studi/peluang-kerja-ilmu-kelautan.html]
[studyinjogja.com/studi/prospek-kerja-teknik-sipil.html]
[studyinjogja.com/studi/karir-teknik-kelautan.html]
[studyinjogja.com/studi/peluang-karir-manajemen-perhotelan.html]
[studyinjogja.com/studi/prospek-kerja-teknik-elektro-listrik.html]
[studyinjogja.com/studi/karir-ilmu-lingkungan.html]
[studyinjogja.com/studi/peluang-karir-teknik-telekomunikasi.html]
[studyinjogja.com/studi/prospek-kerja-teknik-listrik.html]
[studyinjogja.com/studi/karir-teknik-aeroangkasa.html]
[studyinjogja.com/studi/peluang-karir-kedokteran.html]
[studyinjogja.com/studi/prospek-kerja-akuntansi.html]
[studyinjogja.com/studi/karir-hukum.html]
[studyinjogja.com/studi/peluang-kerja-arkeologi.html]
[studyinjogja.com/studi/prospek-kerja-matematika.html]
[studyinjogja.com/studi/teks-mc-seminar-yang-mengajak-diskusi.html]
[studyinjogja.com/studi/teks-mc-seminar-yang-meminta-partisipasi-peserta.html]
[studyinjogja.com/studi/contoh-teks-mc-seminar-singkat-namun-padat.html]
[studyinjogja.com/studi/teks-mc-seminar-yang-memperingati-waktu-istirahat.html]
[studyinjogja.com/studi/teks-mc-seminar-yang-mengalir-dengan-baik.html]
[studyinjogja.com/studi/teks-mc-seminar-yang-menutup-acara-dengan-baik.html]
[studyinjogja.com/studi/teks-mc-seminar-yang-mengadaptasi-kondisi-ruangan.html]
[studyinjogja.com/studi/teks-mc-seminar-yang-menunjukkan-antusiasme.html]
[studyinjogja.com/studi/teks-mc-seminar-yang-mengadaptasi-audiens.html]
[studyinjogja.com/studi/teks-mc-seminar-yang-menekankan-pentingnya-acara.html]
[studyinjogja.com/studi/teks-mc-seminar-yang-menghormati-pembicara.html]
[studyinjogja.com/studi/teks-mc-seminar-yang-mengevaluasi-acara.html]
[studyinjogja.com/studi/contoh-teks-mc-seminar-yang-mengungkapkan-tujuan-acara.html]
[studyinjogja.com/studi/teks-mc-seminar-yang-memberikan-harapan-untuk-acara-selanjutnya.html]
[studyinjogja.com/studi/program-kerja-kkn-di-kawasan-pertanian.html]
[studyinjogja.com/studi/program-kerja-kkn-di-kawasan-perkebunan-teh.html]
[studyinjogja.com/studi/program-kerja-kkn-bidang-pemberdayaan-usaha-mikro.html]
[studyinjogja.com/studi/program-kerja-kkn-bidang-pendidikan-jasmani.html]
[studyinjogja.com/studi/program-kerja-kkn-di-kawasan-perikanan-tangkap.html]
[studyinjogja.com/studi/program-kerja-kkn-di-kawasan-perikanan-budidaya-air-tawar.html]
[studyinjogja.com/studi/program-kerja-kkn-bidang-kesehatan-ibu-dan-anak.html]
[studyinjogja.com/studi/program-kerja-kkn-di-kawasan-pedesaan-terisolasi.html]
[studyinjogja.com/studi/program-kerja-kkn-di-kawasan-perkebunan-kopi.html]
[studyinjogja.com/studi/program-kerja-kkn-bidang-konservasi-keanekaragaman-hayati.html]
[studyinjogja.com/studi/program-kerja-kkn-bidang-kesetaraan-gender.html]
[studyinjogja.com/studi/program-kerja-kkn-di-kawasan-perdagangan-lokal.html]
[studyinjogja.com/studi/program-kerja-kkn-di-kawasan-perikanan-budidaya-air-laut.html]
[studyinjogja.com/studi/program-kerja-kkn-di-kawasan-perikanan-laut.html]
[studyinjogja.com/studi/program-kerja-kkn-bidang-pengembangan-umkm.html]
[studyinjogja.com/studi/program-kerja-kkn-bidang-pemberdayaan-difabel.html]
[studyinjogja.com/studi/program-kerja-kkn-di-kawasan-perkebunan-kelapa.html]
[studyinjogja.com/studi/program-kerja-kkn-di-kawasan-energi-terbarukan.html]
[studyinjogja.com/studi/program-kerja-kkn-bidang-pendidikan-bahasa-inggris.html]
[studyinjogja.com/studi/program-kerja-kkn-bidang-keterampilan-hidup.html]
[studyinjogja.com/studi/program-kerja-kkn-di-kawasan-hutan-lindung.html]
[studyinjogja.com/studi/program-kerja-kkn-di-desa-wisata.html]
[studyinjogja.com/studi/program-kerja-kkn-bidang-pemberdayaan-komunitas-nelayan.html]
[studyinjogja.com/studi/program-kerja-kkn-bidang-pemberdayaan-petani.html]
[studyinjogja.com/studi/program-kerja-kkn-di-kawasan-industri-kreatif.html]
[studyinjogja.com/studi/contoh-teks-mc-seminar-yang-menyebutkan-jadwal-acara.html]
[studyinjogja.com/studi/teks-mc-seminar-yang-memperkenalkan-sponsor-atau-partner-acara.html]
[studyinjogja.com/studi/teks-mc-seminar-yang-menjelaskan-tema-acara.html]
[studyinjogja.com/studi/contoh-proposal-penelitian-jurusan-teknik-sipil.html]
[studyinjogja.com/studi/teks-mc-seminar-yang-memperkenalkan-pembicara.html]
[studyinjogja.com/studi/contoh-proposal-penelitian-jurusan-hukum.html]
[studyinjogja.com/studi/teks-mc-seminar-yang-menyampaikan-ucapan-terima-kasih.html]
[studyinjogja.com/studi/contoh-proposal-penelitian-jurusan-psikologi.html]
[studyinjogja.com/studi/teks-mc-seminar-yang-meminta-feedback-peserta.html]
[studyinjogja.com/studi/contoh-proposal-penelitian-jurusan-akuntansi.html]
[studyinjogja.com/studi/prospek-karir-teknik-biomedis.html]
[studyinjogja.com/studi/peluang-karir-akupuntur.html]
[studyinjogja.com/studi/peluang-kerja-teknologi-pendidikan.html]
[studyinjogja.com/studi/karir-teknik-mesin.html]
[studyinjogja.com/studi/karir-desain-grafis.html]
[studyinjogja.com/studi/prospek-kerja-mikrobiologi.html]
[studyinjogja.com/studi/peluang-karir-hubungan-internasional.html]
[studyinjogja.com/studi/peluang-karir-musik.html]
[studyinjogja.com/studi/karir-ilmu-komunikasi.html]
[studyinjogja.com/studi/karir-ilmu-nutrisi.html]
[studyinjogja.com/studi/prospek-kerja-teknik-sipil.html]
[studyinjogja.com/studi/prospek-karir-psikologi.html]
[studyinjogja.com/studi/peluang-karir-manajemen-perhotelan.html]
[studyinjogja.com/studi/peluang-kerja-ilmu-politik.html]
[studyinjogja.com/studi/karir-ilmu-lingkungan.html]
[studyinjogja.com/studi/karir-ilmu-farmasi.html]
[studyinjogja.com/studi/prospek-kerja-teknik-listrik.html]
[studyinjogja.com/studi/prospek-kerja-ilmu-kesehatan-masyarakat.html]
[studyinjogja.com/studi/peluang-karir-kedokteran.html]
[studyinjogja.com/studi/peluang-karir-kesejahteraan-sosial.html]
[studyinjogja.com/studi/karir-hukum.html]
[studyinjogja.com/studi/prospek-kerja-pendidikan-jasmani.html]
[studyinjogja.com/studi/prospek-kerja-matematika.html]
[studyinjogja.com/studi/peluang-karir-ilmu-perpustakaan.html]
[studyinjogja.com/studi/teks-mc-seminar-yang-meminta-partisipasi-peserta.html]
[studyinjogja.com/studi/contoh-proposal-penelitian-jurusan-kedokteran.html]
[studyinjogja.com/studi/teks-mc-seminar-yang-memperingati-waktu-istirahat.html]
[studyinjogja.com/studi/contoh-proposal-penelitian-jurusan-teknologi-pangan.html]
[studyinjogja.com/studi/teks-mc-seminar-yang-menutup-acara-dengan-baik.html]
[studyinjogja.com/studi/teks-mc-seminar-yang-menunjukkan-antusiasme.html]
[studyinjogja.com/studi/teks-mc-seminar-yang-menekankan-pentingnya-acara.html]
[studyinjogja.com/studi/teks-mc-seminar-yang-mengevaluasi-acara.html]
[studyinjogja.com/studi/teks-mc-seminar-yang-memberikan-harapan-untuk-acara-selanjutnya.html]
[studyinjogja.com/studi/contoh-proposal-penelitian-jurusan-arsitektur.html]
[studyinjogja.com/studi/program-kerja-kkn-di-kawasan-perkebunan-teh.html]
[studyinjogja.com/studi/program-kerja-kkn-bidang-pendidikan-kewarganegaraan.html]
[studyinjogja.com/studi/program-kerja-kkn-bidang-pendidikan-jasmani.html]
[studyinjogja.com/studi/program-kerja-kkn-di-kawasan-perikanan-budidaya-air-tawar.html]
[studyinjogja.com/studi/program-kerja-kkn-di-kawasan-perkebunan-cokelat.html]
[studyinjogja.com/studi/program-kerja-kkn-di-kawasan-pedesaan-terisolasi.html]
[studyinjogja.com/studi/program-kerja-kkn-bidang-pemberdayaan-perempuan.html]
[studyinjogja.com/studi/program-kerja-kkn-bidang-konservasi-keanekaragaman-hayati.html]
[studyinjogja.com/studi/program-kerja-kkn-di-kawasan-pegunungan.html]
[studyinjogja.com/studi/program-kerja-kkn-di-kawasan-perdagangan-lokal.html]
[studyinjogja.com/studi/program-kerja-kkn-bidang-keterampilan-komunikasi.html]
[studyinjogja.com/studi/program-kerja-kkn-di-kawasan-perkebunan-pinang.html]
[studyinjogja.com/studi/program-kerja-kkn-di-kawasan-pantai.html]
[studyinjogja.com/studi/program-kerja-kkn-bidang-pengembangan-pariwisata-halal.html]
[studyinjogja.com/studi/program-kerja-kkn-di-kawasan-perkebunan-mangga.html]
[studyinjogja.com/studi/program-kerja-kkn-bidang-penanganan-bencana-alam.html]
[studyinjogja.com/studi/program-kerja-kkn-di-kawasan-perkebunan-kelengkeng.html]
[studyinjogja.com/studi/program-kerja-kkn-jurusan-teknik-mesin.html]
[studyinjogja.com/studi/program-kerja-kkn-jurusan-teknik-sipil.html]
[studyinjogja.com/studi/program-kerja-kkn-di-kawasan-perikanan-budidaya-air-laut.html]
[studyinjogja.com/studi/program-kerja-kkn-bidang-pengembangan-umkm.html]
[studyinjogja.com/studi/program-kerja-kkn-di-kawasan-perkebunan-kelapa.html]
[studyinjogja.com/studi/program-kerja-kkn-bidang-pendidikan-bahasa-inggris.html]
[studyinjogja.com/studi/program-kerja-kkn-di-kawasan-hutan-lindung.html]
[studyinjogja.com/studi/program-kerja-kkn-bidang-pemberdayaan-komunitas-nelayan.html]
[studyinjogja.com/studi/program-kerja-kkn-jurusan-teknik-kimia.html]
[studyinjogja.com/studi/program-kerja-kkn-di-kawasan-industri-kreatif.html]
[studyinjogja.com/studi/teks-mc-seminar-yang-memperkenalkan-sponsor-atau-partner-acara.html]
[studyinjogja.com/studi/contoh-proposal-penelitian-jurusan-teknik-sipil.html]
[studyinjogja.com/studi/contoh-proposal-penelitian-jurusan-hukum.html]
[studyinjogja.com/studi/contoh-proposal-penelitian-jurusan-psikologi.html]
[studyinjogja.com/studi/contoh-proposal-penelitian-jurusan-akuntansi.html]
[studyinjogja.com/studi/peluang-karir-akupuntur.html]
[studyinjogja.com/studi/karir-teknologi-informasi.html]
[studyinjogja.com/studi/karir-teknik-mesin.html]
[studyinjogja.com/studi/prospek-kerja-ilmu-psikologi-anak.html]
[studyinjogja.com/studi/prospek-kerja-mikrobiologi.html]
[studyinjogja.com/studi/peluang-karir-jurnalistik.html]
[studyinjogja.com/studi/peluang-karir-musik.html]
[studyinjogja.com/studi/karir-ilmu-kepolisian.html]
[studyinjogja.com/studi/karir-ilmu-nutrisi.html]
[studyinjogja.com/studi/prospek-kerja-ilmu-gizi.html]
[studyinjogja.com/studi/prospek-karir-psikologi.html]
[studyinjogja.com/studi/peluang-karir-ilmu-kesejahteraan-keluarga.html]
[studyinjogja.com/studi/peluang-kerja-ilmu-politik.html]
[studyinjogja.com/studi/karir-ilmu-biologi.html]
[studyinjogja.com/studi/karir-ilmu-farmasi.html]
[studyinjogja.com/studi/prospek-kerja-ilmu-fisika.html]
[studyinjogja.com/studi/prospek-kerja-ilmu-kesehatan-masyarakat.html]
[studyinjogja.com/studi/peluang-karir-ilmu-teater.html]
[studyinjogja.com/studi/peluang-karir-kesejahteraan-sosial.html]
[studyinjogja.com/studi/karir-ilmu-pemerintahan.html]
[studyinjogja.com/studi/prospek-kerja-pendidikan-jasmani.html]
[studyinjogja.com/studi/prospek-kerja-teknik-material.html]
[studyinjogja.com/studi/peluang-karir-ilmu-perpustakaan.html]
[studyinjogja.com/studi/contoh-proposal-penelitian-jurusan-kedokteran.html]
[studyinjogja.com/studi/contoh-proposal-penelitian-jurusan-teknologi-pangan.html]
[studyinjogja.com/studi/contoh-proposal-penelitian-jurusan-arsitektur.html]
[studyinjogja.com/studi/program-kerja-kkn-bidang-pendidikan-kewarganegaraan.html]
[studyinjogja.com/studi/program-kerja-kkn-di-kawasan-perkebunan-cokelat.html]
[studyinjogja.com/studi/peluang-karir-kedokteran-hewan.html]
[studyinjogja.com/studi/program-kerja-kkn-bidang-pemberdayaan-perempuan.html]
[studyinjogja.com/studi/program-kerja-kkn-jurusan-teknik-elektro.html]
[studyinjogja.com/studi/program-kerja-kkn-di-kawasan-pegunungan.html]
[studyinjogja.com/studi/program-kerja-kkn-jurusan-teknologi-pangan.html]
[studyinjogja.com/studi/program-kerja-kkn-bidang-keterampilan-komunikasi.html]
[studyinjogja.com/studi/program-kerja-kkn-jurusan-teknik-pertanian.html]
[studyinjogja.com/studi/program-kerja-kkn-di-kawasan-perkebunan-pinang.html]
[studyinjogja.com/studi/program-kerja-kkn-jurusan-biologi.html]
[studyinjogja.com/studi/program-kerja-kkn-di-kawasan-pantai.html]
[studyinjogja.com/studi/program-kerja-kkn-jurusan-kimia.html]
[studyinjogja.com/studi/program-kerja-kkn-bidang-pengembangan-pariwisata-halal.html]
[studyinjogja.com/studi/program-kerja-kkn-di-kawasan-perkebunan-mangga.html]
[studyinjogja.com/studi/program-kerja-kkn-bidang-penanganan-bencana-alam.html]
[studyinjogja.com/studi/program-kerja-kkn-di-kawasan-perkebunan-kelengkeng.html]
[studyinjogja.com/studi/program-kerja-kkn-jurusan-teknik-mesin.html]
[studyinjogja.com/studi/program-kerja-kkn-jurusan-teknik-sipil.html]
[studyinjogja.com/studi/program-kerja-kkn-jurusan-teknik-kimia.html]
[studyinjogja.com/studi/program-kerja-kkn-jurusan-fisika.html]
[studyinjogja.com/studi/karir-teknologi-informasi.html]
[studyinjogja.com/studi/karir-ilmu-sejarah.html]
[studyinjogja.com/studi/prospek-kerja-ilmu-psikologi-anak.html]
[studyinjogja.com/studi/prospek-karir-arsitektur.html]
[studyinjogja.com/studi/peluang-karir-jurnalistik.html]
[studyinjogja.com/studi/peluang-kerja-ilmu-perikanan.html]
[studyinjogja.com/studi/karir-ilmu-kepolisian.html]
[studyinjogja.com/studi/karir-ilmu-pendidikan.html]
[studyinjogja.com/studi/prospek-kerja-ilmu-gizi.html]
[studyinjogja.com/studi/prospek-kerja-teknik-mesin-otomotif.html]
[studyinjogja.com/studi/peluang-karir-ilmu-kesejahteraan-keluarga.html]
[studyinjogja.com/studi/peluang-karir-studi-pembangunan.html]
[studyinjogja.com/studi/karir-ilmu-biologi.html]
[studyinjogja.com/studi/karir-ilmu-kebidanan.html]
[studyinjogja.com/studi/prospek-kerja-ilmu-fisika.html]
[studyinjogja.com/studi/prospek-kerja-ilmu-perilaku.html]
[studyinjogja.com/studi/peluang-karir-ilmu-teater.html]
[studyinjogja.com/studi/peluang-karir-ilmu-pengetahuan-budaya.html]
[studyinjogja.com/studi/karir-ilmu-pemerintahan.html]
[studyinjogja.com/studi/karir-ilmu-perdagangan.html]
[studyinjogja.com/studi/prospek-kerja-teknik-material.html]
[studyinjogja.com/studi/prospek-kerja-kajian-budaya-dan-media.html]
[studyinjogja.com/studi/peluang-karir-kedokteran-hewan.html]
[studyinjogja.com/studi/program-kerja-kkn-jurusan-teknik-elektro.html]
[studyinjogja.com/studi/program-kerja-kkn-jurusan-teknologi-pangan.html]
[studyinjogja.com/studi/peluang-karir-ilmu-kriminologi.html]
[studyinjogja.com/studi/program-kerja-kkn-jurusan-teknik-pertanian.html]
[studyinjogja.com/studi/program-kerja-kkn-jurusan-biologi.html]
[studyinjogja.com/studi/program-kerja-kkn-jurusan-kimia.html]
[studyinjogja.com/studi/program-kerja-kkn-jurusan-fisika.html]
[studyinjogja.com/studi/karir-ilmu-sejarah.html]
[studyinjogja.com/studi/karir-ilmu-bahasa-dan-sastra-inggris.html]
[studyinjogja.com/studi/prospek-karir-arsitektur.html]
[studyinjogja.com/studi/prospek-kerja-ilmu-kepariwisataan.html]
[studyinjogja.com/studi/peluang-kerja-ilmu-perikanan.html]
[studyinjogja.com/studi/peluang-karir-teknik-kelautan.html]
[studyinjogja.com/studi/karir-ilmu-pendidikan.html]
[studyinjogja.com/studi/karir-ilmu-ekonomi.html]
[studyinjogja.com/studi/prospek-kerja-teknik-mesin-otomotif.html]
[studyinjogja.com/studi/prospek-kerja-kedokteran-olahraga.html]
[studyinjogja.com/studi/peluang-karir-studi-pembangunan.html]
[studyinjogja.com/studi/peluang-karir-kajian-wilayah-dan-kota.html]
[studyinjogja.com/studi/karir-ilmu-kebidanan.html]
[studyinjogja.com/studi/karir-ilmu-kedokteran-gigi.html]
[studyinjogja.com/studi/prospek-kerja-ilmu-perilaku.html]
[studyinjogja.com/studi/prospek-kerja-teknik-pertanian.html]
[studyinjogja.com/studi/peluang-karir-ilmu-pengetahuan-budaya.html]
[studyinjogja.com/studi/peluang-karir-ilmu-pariwisata.html]
[studyinjogja.com/studi/karir-ilmu-perdagangan.html]
[studyinjogja.com/studi/karir-ilmu-kependudukan-dan-pembangunan.html]
[studyinjogja.com/studi/prospek-kerja-kajian-budaya-dan-media.html]
[studyinjogja.com/studi/prospek-kerja-teknik-geologi.html]
[studyinjogja.com/studi/peluang-karir-ilmu-kriminologi.html]
[studyinjogja.com/studi/peluang-karir-ilmu-pertanian.html]
[studyinjogja.com/studi/karir-ilmu-bahasa-dan-sastra-inggris.html]
[studyinjogja.com/studi/prospek-kerja-ilmu-pangan.html]
[studyinjogja.com/studi/prospek-kerja-ilmu-kepariwisataan.html]
[studyinjogja.com/studi/karir-kedokteran-gigi.html]
[studyinjogja.com/studi/peluang-karir-teknik-kelautan.html]
[studyinjogja.com/studi/peluang-kerja-agribisnis.html]
[studyinjogja.com/studi/karir-ilmu-ekonomi.html]
[studyinjogja.com/studi/prospek-karir-sastra-inggris.html]
[studyinjogja.com/studi/prospek-kerja-kedokteran-olahraga.html]
[studyinjogja.com/studi/peluang-kerja-akuntansi.html]
[studyinjogja.com/studi/peluang-karir-kajian-wilayah-dan-kota.html]
[studyinjogja.com/studi/peluang-kerja-arsitektur.html]
[studyinjogja.com/studi/karir-ilmu-kedokteran-gigi.html]
[studyinjogja.com/studi/prospek-kerja-kesehatan-masyarakat.html]
[studyinjogja.com/studi/prospek-kerja-teknik-pertanian.html]
[studyinjogja.com/studi/peluang-karir-psikologi.html]
[studyinjogja.com/studi/peluang-karir-ilmu-pariwisata.html]
[studyinjogja.com/studi/prospek-karir-teknik-perminyakan.html]
[studyinjogja.com/studi/karir-ilmu-kependudukan-dan-pembangunan.html]
[studyinjogja.com/studi/peluang-kerja-akuntansi-keuangan.html]
[studyinjogja.com/studi/prospek-kerja-teknik-geologi.html]
[studyinjogja.com/studi/prospek-kerja-teknik-fisika.html]
[studyinjogja.com/studi/peluang-karir-ilmu-pertanian.html]
[studyinjogja.com/studi/peluang-karir-kebidanan.html]
[studyinjogja.com/studi/prospek-kerja-ilmu-pangan.html]
[studyinjogja.com/studi/karir-teknik-kimia-industri.html]
[studyinjogja.com/studi/karir-kedokteran-gigi.html]
[studyinjogja.com/studi/prospek-karir-ilmu-hubungan-internasional.html]
[studyinjogja.com/studi/peluang-kerja-agribisnis.html]
[studyinjogja.com/studi/peluang-kerja-kesehatan-hewan.html]
[studyinjogja.com/studi/prospek-karir-sastra-inggris.html]
[studyinjogja.com/studi/prospek-kerja-teknik-biomedis.html]
[studyinjogja.com/studi/peluang-kerja-akuntansi.html]
[studyinjogja.com/studi/peluang-karir-sosiologi.html]
[studyinjogja.com/studi/peluang-kerja-arsitektur.html]
[studyinjogja.com/studi/karir-akuntansi-syariah.html]
[studyinjogja.com/studi/prospek-kerja-kesehatan-masyarakat.html]
[studyinjogja.com/studi/prospek-karir-teknik-material.html]
[studyinjogja.com/studi/peluang-karir-psikologi.html]
[studyinjogja.com/studi/peluang-kerja-bahasa-inggris.html]
[studyinjogja.com/studi/prospek-karir-teknik-perminyakan.html]
[studyinjogja.com/studi/karir-manajemen-bisnis.html]
[studyinjogja.com/studi/peluang-kerja-akuntansi-keuangan.html]
[studyinjogja.com/studi/prospek-kerja-keperawatan.html]
[studyinjogja.com/studi/prospek-kerja-teknik-fisika.html]
[studyinjogja.com/studi/peluang-karir-farmasi.html]
[studyinjogja.com/studi/peluang-karir-kebidanan.html]
[studyinjogja.com/studi/karir-kriminologi.html]
[studyinjogja.com/studi/karir-teknik-kimia-industri.html]
[studyinjogja.com/studi/prospek-karir-teknik-sistem-perkapalan.html]
[studyinjogja.com/studi/prospek-karir-ilmu-hubungan-internasional.html]
[studyinjogja.com/studi/peluang-kerja-ilmu-gizi.html]
[studyinjogja.com/studi/peluang-kerja-kesehatan-hewan.html]
[studyinjogja.com/studi/karir-teknik-telekomunikasi.html]
[studyinjogja.com/studi/prospek-kerja-teknik-biomedis.html]
[studyinjogja.com/studi/prospek-karir-ilmu-kelautan.html]
[studyinjogja.com/studi/peluang-karir-sosiologi.html]
[studyinjogja.com/studi/peluang-kerja-teknik-perancangan-wilayah-dan-kota.html]
[studyinjogja.com/studi/karir-akuntansi-syariah.html]
[studyinjogja.com/studi/karir-teknik-geodesi.html]
[studyinjogja.com/studi/prospek-karir-teknik-material.html]
[studyinjogja.com/studi/prospek-karir-ilmu-perpustakaan.html]
[studyinjogja.com/studi/peluang-kerja-bahasa-inggris.html]
[studyinjogja.com/studi/peluang-kerja-pendidikan-bahasa-inggris.html]
[studyinjogja.com/studi/karir-manajemen-bisnis.html]
[studyinjogja.com/studi/karir-kedokteran-hewan.html]
[studyinjogja.com/studi/prospek-kerja-keperawatan.html]
[studyinjogja.com/studi/prospek-kerja-akuntansi-manajemen.html]
[studyinjogja.com/studi/peluang-karir-farmasi.html]
[studyinjogja.com/studi/peluang-karir-statistika.html]
[studyinjogja.com/studi/karir-kriminologi.html]
[studyinjogja.com/studi/karir-teknik-kimia-lingkungan.html]
[studyinjogja.com/studi/prospek-karir-teknik-sistem-perkapalan.html]
[studyinjogja.com/studi/peluang-kerja-teknik-kelautan.html]
[studyinjogja.com/studi/peluang-kerja-ilmu-gizi.html]
[studyinjogja.com/studi/karir-teknik-perencanaan-pembangunan.html]
[studyinjogja.com/studi/karir-teknik-telekomunikasi.html]
[studyinjogja.com/studi/prospek-karir-ilmu-kepolisian.html]
[studyinjogja.com/studi/prospek-karir-ilmu-kelautan.html]
[studyinjogja.com/studi/peluang-kerja-seni-rupa.html]
[studyinjogja.com/studi/peluang-kerja-teknik-perancangan-wilayah-dan-kota.html]
[studyinjogja.com/studi/prospek-kerja-teknik-industri.html]
[studyinjogja.com/studi/karir-teknik-geodesi.html]
[studyinjogja.com/studi/peluang-karir-ilmu-administrasi-negara.html]
[studyinjogja.com/studi/prospek-karir-ilmu-perpustakaan.html]
[studyinjogja.com/studi/karir-teknik-geologi-pertambangan.html]
[studyinjogja.com/studi/peluang-kerja-pendidikan-bahasa-inggris.html]
[studyinjogja.com/studi/prospek-karir-ilmu-arsitektur.html]
[studyinjogja.com/studi/karir-kedokteran-hewan.html]
[studyinjogja.com/studi/peluang-kerja-teknik-listrik.html]
[studyinjogja.com/studi/prospek-kerja-akuntansi-manajemen.html]
[studyinjogja.com/studi/karir-perencanaan-wilayah-dan-kota.html]
[studyinjogja.com/studi/peluang-karir-statistika.html]
[studyinjogja.com/studi/prospek-kerja-teknik-metalurgi.html]
[studyinjogja.com/studi/karir-teknik-kimia-lingkungan.html]
[studyinjogja.com/studi/peluang-karir-ilmu-komputer.html]
[studyinjogja.com/studi/peluang-kerja-teknik-kelautan.html]
[studyinjogja.com/studi/karir-akuntansi-perpajakan.html]
[studyinjogja.com/studi/karir-teknik-perencanaan-pembangunan.html]
[studyinjogja.com/studi/prospek-karir-teknik-sumberdaya-air.html]
[studyinjogja.com/studi/prospek-karir-ilmu-kepolisian.html]
[studyinjogja.com/studi/karir-arsitektur-interior.html]
[studyinjogja.com/studi/peluang-kerja-seni-rupa.html]
[studyinjogja.com/studi/prospek-karir-ilmu-hukum.html]
[studyinjogja.com/studi/prospek-kerja-teknik-industri.html]
[studyinjogja.com/studi/peluang-karir-kimia-industri.html]
[studyinjogja.com/studi/peluang-karir-ilmu-administrasi-negara.html]
[studyinjogja.com/studi/prospek-kerja-teknik-lingkungan.html]
[studyinjogja.com/studi/karir-teknik-geologi-pertambangan.html]
[studyinjogja.com/studi/prospek-karir-teknik-perkapalan.html]
[studyinjogja.com/studi/prospek-karir-ilmu-arsitektur.html]
[studyinjogja.com/studi/peluang-kerja-ilmu-pendidikan.html]
[studyinjogja.com/studi/peluang-kerja-teknik-listrik.html]
[studyinjogja.com/studi/karir-fisika.html]
[studyinjogja.com/studi/karir-perencanaan-wilayah-dan-kota.html]
[studyinjogja.com/studi/prospek-karir-ilmu-politik.html]
[studyinjogja.com/studi/prospek-kerja-teknik-metalurgi.html]
[studyinjogja.com/studi/prospek-karir-teknik-geologi.html]
[studyinjogja.com/studi/peluang-karir-ilmu-komputer.html]
[studyinjogja.com/studi/prospek-kerja-teknik-elektro.html]
[studyinjogja.com/studi/karir-akuntansi-perpajakan.html]
[studyinjogja.com/studi/peluang-kerja-manajemen-pemasaran.html]
[studyinjogja.com/studi/prospek-karir-teknik-sumberdaya-air.html]
[studyinjogja.com/studi/prospek-karir-ilmu-komunikasi.html]
[studyinjogja.com/studi/karir-arsitektur-interior.html]
[studyinjogja.com/studi/peluang-kerja-teknik-arsitektur.html]
[studyinjogja.com/studi/prospek-karir-ilmu-hukum.html]
[studyinjogja.com/studi/karir-biologi.html]
[studyinjogja.com/studi/peluang-karir-kimia-industri.html]
[studyinjogja.com/studi/peluang-karir-ilmu-ekonomi.html]
[studyinjogja.com/studi/prospek-kerja-teknik-lingkungan.html]
[studyinjogja.com/studi/karir-teknik-sipil.html]
[studyinjogja.com/studi/prospek-karir-teknik-perkapalan.html]
[studyinjogja.com/studi/prospek-karir-ilmu-administrasi-publik.html]
[studyinjogja.com/studi/peluang-kerja-ilmu-pendidikan.html]
[studyinjogja.com/studi/peluang-kerja-teknik-informatika.html]
[studyinjogja.com/studi/karir-fisika.html]
[studyinjogja.com/studi/peluang-karir-ilmu-kesehatan-masyarakat.html]
[studyinjogja.com/studi/prospek-karir-ilmu-politik.html]
[studyinjogja.com/studi/karir-ilmu-komputer.html]
[studyinjogja.com/studi/prospek-karir-teknik-geologi.html]
[studyinjogja.com/studi/karir-teknik-biomedis.html]
[studyinjogja.com/studi/prospek-kerja-teknik-elektro.html]
[studyinjogja.com/studi/prospek-kerja-teknik-kimia-industri.html]
[studyinjogja.com/studi/peluang-kerja-manajemen-pemasaran.html]
[studyinjogja.com/studi/prospek-karir-ilmu-komunikasi.html]
[studyinjogja.com/studi/peluang-kerja-teknik-arsitektur.html]
[studyinjogja.com/studi/karir-biologi.html]
[studyinjogja.com/studi/peluang-karir-ilmu-ekonomi.html]
[studyinjogja.com/studi/karir-teknik-sipil.html]
[studyinjogja.com/studi/prospek-karir-ilmu-administrasi-publik.html]
[studyinjogja.com/studi/peluang-kerja-teknik-informatika.html]
[studyinjogja.com/studi/peluang-karir-ilmu-kesehatan-masyarakat.html]
[studyinjogja.com/studi/karir-ilmu-komputer.html]
[studyinjogja.com/studi/karir-teknik-biomedis.html]
[studyinjogja.com/studi/prospek-kerja-teknik-kimia-industri.html]
