[contoh-proposal-penelitian-bidang-lingkungan.html]
[contoh-proposal-penelitian-bidang-pendidikan.html]
[contoh-proposal-penelitian-bidang-politik.html]
[contoh-proposal-penelitian-bidang-teknik-elektro.html]
[contoh-proposal-penelitian-bidang-teknik-kimia.html]
[contoh-proposal-penelitian-bidang-teknik-sipil.html]
[contoh-proposal-penelitian-bidang-teknologi-informasi.html]
[contoh-proposal-penelitian-jurusan-pertanian.html]
[contoh-proposal-penelitian-jurusan-sistem-informasi.html]
[contoh-teks-mc-seminar-singkat-namun-padat.html]
[contoh-teks-mc-seminar-yang-menarik.html]
[contoh-teks-mc-seminar-yang-mengungkapkan-tujuan-acara.html]
[contoh-teks-mc-seminar-yang-menyebutkan-jadwal-acara.html]
[ide-inovasi-dan-implementasi-program-kkn.html]
[indikator-keberhasilan-program-kkn.html]
[karir-akuntansi-perpajakan.html]
[karir-akuntansi-syariah.html]
[peluang-kerja-agribisnis.html]
[peluang-kerja-akuntansi.html]
[peluang-kerja-konservasi-arkeologi.html]
[peluang-kerja-manajemen-konstruksi.html]
[peluang-kerja-mikrobiologi.html]
[peluang-kerja-pendidikan-khusus.html]
[peluang-kerja-penelitian-sosial.html]
[peluang-kerja-psikologi.html]
[peluang-kerja-riset-biologi.html]
[peluang-kerja-teknik-bioproses.html]
[peluang-kerja-teknologi-pendidikan.html]
[program-kerja-kkn-bidang-konservasi-keanekaragaman-hayati.html]
[program-kerja-kkn-bidang-konservasi-lingkungan-hidup.html]
[program-kerja-kkn-bidang-koperasi-dan-usaha-mikro.html]
[program-kerja-kkn-bidang-pemberdayaan-difabel.html]
[program-kerja-kkn-bidang-pemberdayaan-perempuan.html]
[program-kerja-kkn-bidang-pemberdayaan-petani.html]
[program-kerja-kkn-bidang-pemberdayaan-usaha-mikro.html]
[program-kerja-kkn-bidang-pemuda-dan-olahraga.html]
[program-kerja-kkn-bidang-pendidikan-agama.html]
[program-kerja-kkn-bidang-pendidikan-bahasa-inggris.html]
[program-kerja-kkn-bidang-pendidikan-jasmani.html]
[program-kerja-kkn-bidang-pendidikan-karakter.html]
[program-kerja-kkn-bidang-pendidikan-kewarganegaraan.html]
[program-kerja-kkn-bidang-pengembangan-produk-halal.html]
[program-kerja-kkn-bidang-pengembangan-umkm.html]
[program-kerja-kkn-bidang-perdagangan.html]
[program-kerja-kkn-bidang-seni-dan-olahraga.html]
[program-kerja-kkn-bidang-sosial-dan-kemanusiaan.html]
[program-kerja-kkn-bidang-teknologi-dan-inovasi.html]
[program-kerja-kkn-bidang-transportasi-dan-logistik.html]
[program-kerja-kkn-di-daerah-rawan-bencana.html]
[program-kerja-kkn-di-desa-adat-atau-masyarakat-adat.html]
[program-kerja-kkn-di-desa-terpencil.html]
[program-kerja-kkn-di-desa-wisata.html]
[program-kerja-kkn-di-kawasan-hutan-lindung.html]
[program-kerja-kkn-di-kawasan-industri.html]
[program-kerja-kkn-di-kawasan-industri-kreatif.html]
[program-kerja-kkn-di-kawasan-pantai.html]
[program-kerja-kkn-di-kawasan-pariwisata.html]
[program-kerja-kkn-di-kawasan-perikanan.html]
[program-kerja-kkn-di-kawasan-perikanan-budidaya-air-laut.html]
[program-kerja-kkn-di-kawasan-perikanan-tangkap.html]
[program-kerja-kkn-di-kawasan-perkebunan.html]
[program-kerja-kkn-di-kawasan-perkebunan-kelapa.html]
[program-kerja-kkn-di-kawasan-perkebunan-kelengkeng.html]
[program-kerja-kkn-di-kawasan-perkebunan-kopi.html]
[program-kerja-kkn-di-kawasan-perkebunan-mangga.html]
[program-kerja-kkn-di-kawasan-pertanian.html]
[program-kerja-kkn-di-lingkungan-kampus-atau-sekolah-tinggi.html]
[program-kerja-kkn-di-panti-asuhan-atau-lembaga-sosial.html]
[program-kerja-kkn-di-sekolah-dasar-atau-sekolah-menengah-pertama.html]
[program-kerja-kkn-di-tempat-ibadah-atau-pusat-keagamaan.html]
[program-kerja-kkn-ekonomi-pembangunan.html]
[program-kerja-kkn-jurusan-agama.html]
[program-kerja-kkn-jurusan-akuntansi.html]
[prospek-karir-administrasi-publik.html]
[prospek-karir-antropologi.html]
[prospek-karir-arkeologi.html]
[prospek-karir-astronomi.html]
[prospek-karir-biokimia.html]
[prospek-karir-biologi.html]
[prospek-karir-desain-grafis.html]
[prospek-karir-ilmu-perpustakaan.html]
[prospek-karir-kehutanan.html]
[prospek-karir-kriminologi.html]
[prospek-karir-teknik-biomedis.html]
[prospek-karir-teknik-lingkungan.html]
[prospek-kerja-agribisnis.html]
[prospek-kerja-akuntansi.html]
[prospek-kerja-akuntansi-manajemen.html]
[prospek-kerja-arkeologi.html]
[prospek-kerja-arsitektur.html]
[prospek-kerja-ekonomi-pembangunan.html]
[prospek-kerja-event-management.html]
[prospek-kerja-fisika.html]
[prospek-kerja-fotografi.html]
[prospek-kerja-ilmu-fisika.html]
[prospek-kerja-ilmu-gizi.html]
[prospek-kerja-kajian-budaya-dan-media.html]
[prospek-kerja-kedokteran-olahraga.html]
[prospek-kerja-keuangan.html]
[prospek-kerja-kriminologi.html]
[prospek-kerja-matematika.html]
[prospek-kerja-mikrobiologi.html]
[prospek-kerja-pendidikan-jasmani.html]
[prospek-kerja-psikologi-klinis.html]
[prospek-kerja-teknik-elektro.html]
[prospek-kerja-teknik-elektro-listrik.html]
[prospek-kerja-teknik-fisika.html]
[prospek-kerja-teknik-industri.html]
[prospek-kerja-teknik-lingkungan.html]
[prospek-kerja-teknik-material.html]
[prospek-kerja-teknik-mesin.html]
[prospek-kerja-teknik-metalurgi.html]
[prospek-kerja-teknik-perikanan.html]
[prospek-kerja-teknik-pertambangan.html]
[prospek-kerja-teknik-pertanian.html]
[prospek-kerja-transportasi-dan-logistik.html]
[teks-mc-acara-seminar-yang-professional.html]
[teks-mc-seminar-yang-informatif.html]
[teks-mc-seminar-yang-inspiratif.html]
[teks-mc-seminar-yang-memberikan-harapan-untuk-acara-selanjutnya.html]
[teks-mc-seminar-yang-meminta-feedback-peserta.html]
[teks-mc-seminar-yang-memotivasi-peserta.html]
[teks-mc-seminar-yang-memperingati-waktu-istirahat.html]
[teks-mc-seminar-yang-menekankan-pentingnya-acara.html]
[teks-mc-seminar-yang-mengadaptasi-audiens.html]
[teks-mc-seminar-yang-mengadaptasi-kondisi-ruangan.html]
[teks-mc-seminar-yang-mengajak-diskusi.html]
[contoh-proposal-penelitian-bidang-lingkungan.html]
[contoh-proposal-penelitian-bidang-pendidikan.html]
[contoh-proposal-penelitian-bidang-politik.html]
[contoh-proposal-penelitian-bidang-teknik-elektro.html]
[contoh-proposal-penelitian-bidang-teknik-kimia.html]
[contoh-proposal-penelitian-bidang-teknik-sipil.html]
[contoh-proposal-penelitian-bidang-teknologi-informasi.html]
[contoh-proposal-penelitian-jurusan-pertanian.html]
[contoh-proposal-penelitian-jurusan-sistem-informasi.html]
[contoh-teks-mc-seminar-singkat-namun-padat.html]
[contoh-teks-mc-seminar-yang-menarik.html]
[contoh-teks-mc-seminar-yang-mengungkapkan-tujuan-acara.html]
[contoh-teks-mc-seminar-yang-menyebutkan-jadwal-acara.html]
[ide-inovasi-dan-implementasi-program-kkn.html]
[indikator-keberhasilan-program-kkn.html]
[karir-akuntansi-perpajakan.html]
[karir-akuntansi-syariah.html]
[peluang-kerja-agribisnis.html]
[peluang-kerja-akuntansi.html]
[peluang-kerja-konservasi-arkeologi.html]
[peluang-kerja-manajemen-konstruksi.html]
[peluang-kerja-mikrobiologi.html]
[peluang-kerja-pendidikan-khusus.html]
[peluang-kerja-penelitian-sosial.html]
[peluang-kerja-psikologi.html]
[peluang-kerja-riset-biologi.html]
[peluang-kerja-teknik-bioproses.html]
[peluang-kerja-teknologi-pendidikan.html]
[program-kerja-kkn-bidang-konservasi-keanekaragaman-hayati.html]
[program-kerja-kkn-bidang-konservasi-lingkungan-hidup.html]
[program-kerja-kkn-bidang-koperasi-dan-usaha-mikro.html]
[program-kerja-kkn-bidang-pemberdayaan-difabel.html]
[program-kerja-kkn-bidang-pemberdayaan-perempuan.html]
[program-kerja-kkn-bidang-pemberdayaan-petani.html]
[program-kerja-kkn-bidang-pemberdayaan-usaha-mikro.html]
[program-kerja-kkn-bidang-pemuda-dan-olahraga.html]
[program-kerja-kkn-bidang-pendidikan-agama.html]
[program-kerja-kkn-bidang-pendidikan-bahasa-inggris.html]
[program-kerja-kkn-bidang-pendidikan-jasmani.html]
[program-kerja-kkn-bidang-pendidikan-karakter.html]
[program-kerja-kkn-bidang-pendidikan-kewarganegaraan.html]
[program-kerja-kkn-bidang-pengembangan-produk-halal.html]
[program-kerja-kkn-bidang-pengembangan-umkm.html]
[program-kerja-kkn-bidang-perdagangan.html]
[program-kerja-kkn-bidang-seni-dan-olahraga.html]
[program-kerja-kkn-bidang-sosial-dan-kemanusiaan.html]
[program-kerja-kkn-bidang-teknologi-dan-inovasi.html]
[program-kerja-kkn-bidang-transportasi-dan-logistik.html]
[program-kerja-kkn-di-daerah-rawan-bencana.html]
[program-kerja-kkn-di-desa-adat-atau-masyarakat-adat.html]
[program-kerja-kkn-di-desa-terpencil.html]
[program-kerja-kkn-di-desa-wisata.html]
[program-kerja-kkn-di-kawasan-hutan-lindung.html]
[program-kerja-kkn-di-kawasan-industri.html]
[program-kerja-kkn-di-kawasan-industri-kreatif.html]
[program-kerja-kkn-di-kawasan-pantai.html]
[program-kerja-kkn-di-kawasan-pariwisata.html]
[program-kerja-kkn-di-kawasan-perikanan.html]
[program-kerja-kkn-di-kawasan-perikanan-budidaya-air-laut.html]
[program-kerja-kkn-di-kawasan-perikanan-tangkap.html]
[program-kerja-kkn-di-kawasan-perkebunan.html]
[program-kerja-kkn-di-kawasan-perkebunan-kelapa.html]
[program-kerja-kkn-di-kawasan-perkebunan-kelengkeng.html]
[program-kerja-kkn-di-kawasan-perkebunan-kopi.html]
[program-kerja-kkn-di-kawasan-perkebunan-mangga.html]
[program-kerja-kkn-di-kawasan-pertanian.html]
[program-kerja-kkn-di-lingkungan-kampus-atau-sekolah-tinggi.html]
[program-kerja-kkn-di-panti-asuhan-atau-lembaga-sosial.html]
[program-kerja-kkn-di-sekolah-dasar-atau-sekolah-menengah-pertama.html]
[program-kerja-kkn-di-tempat-ibadah-atau-pusat-keagamaan.html]
[program-kerja-kkn-ekonomi-pembangunan.html]
[program-kerja-kkn-jurusan-agama.html]
[program-kerja-kkn-jurusan-akuntansi.html]
[prospek-karir-administrasi-publik.html]
[prospek-karir-antropologi.html]
[prospek-karir-arkeologi.html]
[prospek-karir-astronomi.html]
[prospek-karir-biokimia.html]
[prospek-karir-biologi.html]
[prospek-karir-desain-grafis.html]
[prospek-karir-ilmu-perpustakaan.html]
[prospek-karir-kehutanan.html]
[prospek-karir-kriminologi.html]
[prospek-karir-teknik-biomedis.html]
[prospek-karir-teknik-lingkungan.html]
[prospek-kerja-agribisnis.html]
[prospek-kerja-akuntansi.html]
[prospek-kerja-akuntansi-manajemen.html]
[prospek-kerja-arkeologi.html]
[prospek-kerja-arsitektur.html]
[prospek-kerja-ekonomi-pembangunan.html]
[prospek-kerja-event-management.html]
[prospek-kerja-fisika.html]
[prospek-kerja-fotografi.html]
[prospek-kerja-ilmu-fisika.html]
[prospek-kerja-ilmu-gizi.html]
[prospek-kerja-kajian-budaya-dan-media.html]
[prospek-kerja-kedokteran-olahraga.html]
[prospek-kerja-keuangan.html]
[prospek-kerja-kriminologi.html]
[prospek-kerja-matematika.html]
[prospek-kerja-mikrobiologi.html]
[prospek-kerja-pendidikan-jasmani.html]
[prospek-kerja-psikologi-klinis.html]
[prospek-kerja-teknik-elektro.html]
[prospek-kerja-teknik-elektro-listrik.html]
[prospek-kerja-teknik-fisika.html]
[prospek-kerja-teknik-industri.html]
[prospek-kerja-teknik-lingkungan.html]
[prospek-kerja-teknik-material.html]
[prospek-kerja-teknik-mesin.html]
[prospek-kerja-teknik-metalurgi.html]
[prospek-kerja-teknik-perikanan.html]
[prospek-kerja-teknik-pertambangan.html]
[prospek-kerja-teknik-pertanian.html]
[prospek-kerja-transportasi-dan-logistik.html]
[teks-mc-acara-seminar-yang-professional.html]
[teks-mc-seminar-yang-informatif.html]
[teks-mc-seminar-yang-inspiratif.html]
[teks-mc-seminar-yang-memberikan-harapan-untuk-acara-selanjutnya.html]
[teks-mc-seminar-yang-meminta-feedback-peserta.html]
[teks-mc-seminar-yang-memotivasi-peserta.html]
[teks-mc-seminar-yang-memperingati-waktu-istirahat.html]
[teks-mc-seminar-yang-menekankan-pentingnya-acara.html]
[teks-mc-seminar-yang-mengadaptasi-audiens.html]
[teks-mc-seminar-yang-mengadaptasi-kondisi-ruangan.html]
[teks-mc-seminar-yang-mengajak-diskusi.html]
